<html>
<body>
<pre>
<h1>µVision Build Log</h1>
<h2>Tool Versions:</h2>
IDE-Version: µVision V5.17.0.0
Copyright (C) 2015 ARM Ltd and ARM Germany GmbH. All rights reserved.
License Information: Logan LENOVO, Ngo, LIC=585FJ-U7M0P-637MB-2KZMN-8RH78-M5XFE
 
Tool Versions:
Toolchain:       MDK-ARM Standard  Version: 5.17
Toolchain Path:  D:\KeilC v5\ARM\ARMCC\Bin
C Compiler:      Armcc.exe V5.06 update 1 (build 61)
Assembler:       Armasm.exe V5.06 update 1 (build 61)
Linker/Locator:  ArmLink.exe V5.06 update 1 (build 61)
Library Manager: ArmAr.exe V5.06 update 1 (build 61)
Hex Converter:   FromElf.exe V5.06 update 1 (build 61)
CPU DLL:         SARMCM3.DLL V5.17
Dialog DLL:      DCM.DLL V1.13.4.0
Target DLL:      STLink\ST-LINKIII-KEIL_SWO.dll V2.0.18.0
Dialog DLL:      TCM.DLL V1.14.6.0
 
<h2>Project:</h2>
D:\STM32\some_projects_in_myfree_time\self_balancing\version1\MDK-ARM\version1.uvprojx
Project File Date:  03/28/2025

<h2>Output:</h2>
*** Using Compiler 'V5.06 update 1 (build 61)', folder: 'D:\KeilC v5\ARM\ARMCC\Bin'
Build target 'version1'
compiling main.c...
../Core/Src/main.c(91): warning:  #188-D: enumerated type mixed with another type
  			HAL_GPIO_WritePin(
PIOB, 
PIO_PIN_14, 1);
../Core/Src/main.c(92): warning:  #188-D: enumerated type mixed with another type
  			HAL_GPIO_WritePin(
PIOB, 
PIO_PIN_15, 0);
../Core/Src/main.c(95): warning:  #188-D: enumerated type mixed with another type
  			HAL_GPIO_WritePin(
PIOB, 
PIO_PIN_14, 0);
../Core/Src/main.c(96): warning:  #188-D: enumerated type mixed with another type
  			HAL_GPIO_WritePin(
PIOB, 
PIO_PIN_15, 1);		
../Core/Src/main.c(102): warning:  #188-D: enumerated type mixed with another type
  			HAL_GPIO_WritePin(
PIOA, 
PIO_PIN_10, 1);
../Core/Src/main.c(103): warning:  #188-D: enumerated type mixed with another type
  			HAL_GPIO_WritePin(
PIOA, 
PIO_PIN_11, 0);
../Core/Src/main.c(106): warning:  #188-D: enumerated type mixed with another type
  			HAL_GPIO_WritePin(
PIOA, 
PIO_PIN_10, 0);
../Core/Src/main.c(107): warning:  #188-D: enumerated type mixed with another type
  			HAL_GPIO_WritePin(
PIOA, 
PIO_PIN_11, 1);		
../Core/Src/main.c: 8 warnings, 0 errors
linking...
Program Size: Code=15510 RO-data=474 RW-data=220 ZI-data=2028  
FromELF: creating hex file...
"version1\version1.axf" - 0 Error(s), 8 Warning(s).

<h2>Software Packages used:</h2>

Package Vendor: ARM
                http://www.keil.com/pack/ARM.CMSIS.4.5.0.pack
                ARM::CMSIS:CORE:4.3.0
                CMSIS (Cortex Microcontroller Software Interface Standard)
   * Component: CORE Version: 4.3.0

<h2>Collection of Component include folders:</h2>
  D:\STM32\some_projects_in_myfree_time\self_balancing\version1\MDK-ARM\RTE
  D:\KeilC v5\ARM\PACK\ARM\CMSIS\4.5.0\CMSIS\Include
  D:\KeilC v5\ARM\PACK\Keil\STM32F1xx_DFP\2.4.1\Device\Include

<h2>Collection of Component Files used:</h2>

   * Component: ARM::CMSIS:CORE:4.3.0
Build Time Elapsed:  00:00:02
</pre>
</body>
</html>
