Component: ARM Compiler 5.06 update 1 (build 61) Tool: armlink [4d35a8]

==============================================================================

Section Cross References

    startup_stm32f103xb.o(STACK) refers (Special) to heapauxi.o(.text) for __use_two_region_memory
    startup_stm32f103xb.o(HEAP) refers (Special) to heapauxi.o(.text) for __use_two_region_memory
    startup_stm32f103xb.o(RESET) refers (Special) to heapauxi.o(.text) for __use_two_region_memory
    startup_stm32f103xb.o(RESET) refers to startup_stm32f103xb.o(STACK) for __initial_sp
    startup_stm32f103xb.o(RESET) refers to startup_stm32f103xb.o(.text) for Reset_Handler
    startup_stm32f103xb.o(RESET) refers to stm32f1xx_it.o(i.NMI_Handler) for NMI_Handler
    startup_stm32f103xb.o(RESET) refers to stm32f1xx_it.o(i.HardFault_Handler) for HardFault_Handler
    startup_stm32f103xb.o(RESET) refers to stm32f1xx_it.o(i.MemManage_Handler) for MemManage_Handler
    startup_stm32f103xb.o(RESET) refers to stm32f1xx_it.o(i.BusFault_Handler) for BusFault_Handler
    startup_stm32f103xb.o(RESET) refers to stm32f1xx_it.o(i.UsageFault_Handler) for UsageFault_Handler
    startup_stm32f103xb.o(RESET) refers to stm32f1xx_it.o(i.SVC_Handler) for SVC_Handler
    startup_stm32f103xb.o(RESET) refers to stm32f1xx_it.o(i.DebugMon_Handler) for DebugMon_Handler
    startup_stm32f103xb.o(RESET) refers to stm32f1xx_it.o(i.PendSV_Handler) for PendSV_Handler
    startup_stm32f103xb.o(RESET) refers to stm32f1xx_it.o(i.SysTick_Handler) for SysTick_Handler
    startup_stm32f103xb.o(RESET) refers to stm32f1xx_it.o(i.DMA1_Channel1_IRQHandler) for DMA1_Channel1_IRQHandler
    startup_stm32f103xb.o(.text) refers (Special) to heapauxi.o(.text) for __use_two_region_memory
    startup_stm32f103xb.o(.text) refers to system_stm32f1xx.o(i.SystemInit) for SystemInit
    startup_stm32f103xb.o(.text) refers to __main.o(!!!main) for __main
    startup_stm32f103xb.o(.text) refers to startup_stm32f103xb.o(HEAP) for Heap_Mem
    startup_stm32f103xb.o(.text) refers to startup_stm32f103xb.o(STACK) for Stack_Mem
    kalman.o(i.SimpleKalmanFilter) refers to kalman.o(.data) for .data
    kalman.o(i.getEstimateError) refers to kalman.o(.data) for .data
    kalman.o(i.getKalmanGain) refers to kalman.o(.data) for .data
    kalman.o(i.setEstimateError) refers to kalman.o(.data) for .data
    kalman.o(i.setMeasurementError) refers to kalman.o(.data) for .data
    kalman.o(i.setProcessNoise) refers to kalman.o(.data) for .data
    kalman.o(i.updateEstimate) refers to faddsub_clz.o(x$fpl$fadd) for __aeabi_fadd
    kalman.o(i.updateEstimate) refers to fdiv.o(x$fpl$fdiv) for __aeabi_fdiv
    kalman.o(i.updateEstimate) refers to faddsub_clz.o(x$fpl$fsub) for __aeabi_fsub
    kalman.o(i.updateEstimate) refers to fmul.o(x$fpl$fmul) for __aeabi_fmul
    kalman.o(i.updateEstimate) refers to f2d.o(x$fpl$f2d) for __aeabi_f2d
    kalman.o(i.updateEstimate) refers to dmul.o(x$fpl$dmul) for __aeabi_dmul
    kalman.o(i.updateEstimate) refers to daddsub_clz.o(x$fpl$drsb) for __aeabi_drsub
    kalman.o(i.updateEstimate) refers to daddsub_clz.o(x$fpl$dadd) for __aeabi_dadd
    kalman.o(i.updateEstimate) refers to d2f.o(x$fpl$d2f) for __aeabi_d2f
    kalman.o(i.updateEstimate) refers to kalman.o(.data) for .data
    main.o(i.HAL_PRINTF) refers to rt_memclr_w.o(.text) for __aeabi_memclr4
    main.o(i.HAL_PRINTF) refers to vsnprintf.o(.text) for vsnprintf
    main.o(i.HAL_PRINTF) refers to strlen.o(.text) for strlen
    main.o(i.HAL_PRINTF) refers to stm32f1xx_hal_uart.o(i.HAL_UART_Transmit) for HAL_UART_Transmit
    main.o(i.HAL_PRINTF) refers to main.o(.bss) for .bss
    main.o(i.MX_ADC1_Init) refers to stm32f1xx_hal_adc.o(i.HAL_ADC_Init) for HAL_ADC_Init
    main.o(i.MX_ADC1_Init) refers to stm32f1xx_hal_adc.o(i.HAL_ADC_ConfigChannel) for HAL_ADC_ConfigChannel
    main.o(i.MX_ADC1_Init) refers to main.o(.bss) for .bss
    main.o(i.MX_GPIO_Init) refers to stm32f1xx_hal_gpio.o(i.HAL_GPIO_WritePin) for HAL_GPIO_WritePin
    main.o(i.MX_GPIO_Init) refers to stm32f1xx_hal_gpio.o(i.HAL_GPIO_Init) for HAL_GPIO_Init
    main.o(i.SystemClock_Config) refers to rt_memclr_w.o(.text) for __aeabi_memclr4
    main.o(i.SystemClock_Config) refers to stm32f1xx_hal_rcc.o(i.HAL_RCC_OscConfig) for HAL_RCC_OscConfig
    main.o(i.SystemClock_Config) refers to stm32f1xx_hal_rcc.o(i.HAL_RCC_ClockConfig) for HAL_RCC_ClockConfig
    main.o(i.SystemClock_Config) refers to stm32f1xx_hal_rcc_ex.o(i.HAL_RCCEx_PeriphCLKConfig) for HAL_RCCEx_PeriphCLKConfig
    main.o(i.calculate_joystick_angle) refers to dflt_clz.o(x$fpl$dflt) for __aeabi_i2d
    main.o(i.calculate_joystick_angle) refers to atan2.o(i.atan2) for atan2
    main.o(i.calculate_joystick_angle) refers to dmul.o(x$fpl$dmul) for __aeabi_dmul
    main.o(i.calculate_joystick_angle) refers to ddiv.o(x$fpl$ddiv) for __aeabi_ddiv
    main.o(i.calculate_joystick_angle) refers to dfix.o(x$fpl$dfix) for __aeabi_d2iz
[...]
    CL$$btod_d2e_norm_op1                    0x080014a6   Section       96  btod.o(CL$$btod_d2e_norm_op1)
    CL$$btod_div_common                      0x08001506   Section      824  btod.o(CL$$btod_div_common)
    CL$$btod_e2e                             0x0800183e   Section      198  btod.o(CL$$btod_e2e)
    CL$$btod_ediv                            0x08001904   Section       40  btod.o(CL$$btod_ediv)
    CL$$btod_emul                            0x0800192c   Section       40  btod.o(CL$$btod_emul)
    CL$$btod_mult_common                     0x08001954   Section      580  btod.o(CL$$btod_mult_common)
    i.ADC_ConversionStop_Disable             0x08001b98   Section        0  stm32f1xx_hal_adc.o(i.ADC_ConversionStop_Disable)
    i.ADC_DMAConvCplt                        0x08001bee   Section        0  stm32f1xx_hal_adc.o(i.ADC_DMAConvCplt)
    i.ADC_DMAError                           0x08001c3c   Section        0  stm32f1xx_hal_adc.o(i.ADC_DMAError)
    i.ADC_DMAHalfConvCplt                    0x08001c56   Section        0  stm32f1xx_hal_adc.o(i.ADC_DMAHalfConvCplt)
    i.ADC_Enable                             0x08001c60   Section        0  stm32f1xx_hal_adc.o(i.ADC_Enable)
    i.BusFault_Handler                       0x08001cdc   Section        0  stm32f1xx_it.o(i.BusFault_Handler)
    i.DMA1_Channel1_IRQHandler               0x08001ce0   Section        0  stm32f1xx_it.o(i.DMA1_Channel1_IRQHandler)
    i.DMA_SetConfig                          0x08001cec   Section        0  stm32f1xx_hal_dma.o(i.DMA_SetConfig)
    DMA_SetConfig                            0x08001ced   Thumb Code    42  stm32f1xx_hal_dma.o(i.DMA_SetConfig)
    i.DebugMon_Handler                       0x08001d16   Section        0  stm32f1xx_it.o(i.DebugMon_Handler)
    i.Error_Handler                          0x08001d18   Section        0  main.o(i.Error_Handler)
    i.HAL_ADC_ConfigChannel                  0x08001d1c   Section        0  stm32f1xx_hal_adc.o(i.HAL_ADC_ConfigChannel)
    i.HAL_ADC_ConvCpltCallback               0x08001e18   Section        0  stm32f1xx_hal_adc.o(i.HAL_ADC_ConvCpltCallback)
    i.HAL_ADC_ConvHalfCpltCallback           0x08001e1a   Section        0  stm32f1xx_hal_adc.o(i.HAL_ADC_ConvHalfCpltCallback)
    i.HAL_ADC_ErrorCallback                  0x08001e1c   Section        0  stm32f1xx_hal_adc.o(i.HAL_ADC_ErrorCallback)
    i.HAL_ADC_Init                           0x08001e20   Section        0  stm32f1xx_hal_adc.o(i.HAL_ADC_Init)
    i.HAL_ADC_MspInit                        0x08001f3c   Section        0  stm32f1xx_hal_msp.o(i.HAL_ADC_MspInit)
    i.HAL_ADC_Start_DMA                      0x08001fcc   Section        0  stm32f1xx_hal_adc.o(i.HAL_ADC_Start_DMA)
    i.HAL_DMA_IRQHandler                     0x080020d8   Section        0  stm32f1xx_hal_dma.o(i.HAL_DMA_IRQHandler)
    i.HAL_DMA_Init                           0x0800222c   Section        0  stm32f1xx_hal_dma.o(i.HAL_DMA_Init)
    i.HAL_DMA_Start_IT                       0x08002288   Section        0  stm32f1xx_hal_dma.o(i.HAL_DMA_Start_IT)
    i.HAL_Delay                              0x080022f8   Section        0  stm32f1xx_hal.o(i.HAL_Delay)
    i.HAL_GPIO_Init                          0x0800231c   Section        0  stm32f1xx_hal_gpio.o(i.HAL_GPIO_Init)
    i.HAL_GPIO_ReadPin                       0x080024fc   Section        0  stm32f1xx_hal_gpio.o(i.HAL_GPIO_ReadPin)
    i.HAL_GPIO_WritePin                      0x08002506   Section        0  stm32f1xx_hal_gpio.o(i.HAL_GPIO_WritePin)
    i.HAL_GetTick                            0x08002510   Section        0  stm32f1xx_hal.o(i.HAL_GetTick)
    i.HAL_IncTick                            0x0800251c   Section        0  stm32f1xx_hal.o(i.HAL_IncTick)
    i.HAL_Init                               0x0800252c   Section        0  stm32f1xx_hal.o(i.HAL_Init)
    i.HAL_InitTick                           0x08002550   Section        0  stm32f1xx_hal.o(i.HAL_InitTick)
    i.HAL_MspInit                            0x08002590   Section        0  stm32f1xx_hal_msp.o(i.HAL_MspInit)
    i.HAL_NVIC_EnableIRQ                     0x080025cc   Section        0  stm32f1xx_hal_cortex.o(i.HAL_NVIC_EnableIRQ)
    i.HAL_NVIC_SetPriority                   0x080025e8   Section        0  stm32f1xx_hal_cortex.o(i.HAL_NVIC_SetPriority)
    i.HAL_NVIC_SetPriorityGrouping           0x08002628   Section        0  stm32f1xx_hal_cortex.o(i.HAL_NVIC_SetPriorityGrouping)
    i.HAL_PRINTF                             0x0800264c   Section        0  main.o(i.HAL_PRINTF)
    i.HAL_RCCEx_PeriphCLKConfig              0x08002688   Section        0  stm32f1xx_hal_rcc_ex.o(i.HAL_RCCEx_PeriphCLKConfig)
    i.HAL_RCC_ClockConfig                    0x08002774   Section        0  stm32f1xx_hal_rcc.o(i.HAL_RCC_ClockConfig)
    i.HAL_RCC_GetPCLK1Freq                   0x080028a0   Section        0  stm32f1xx_hal_rcc.o(i.HAL_RCC_GetPCLK1Freq)
    i.HAL_RCC_GetPCLK2Freq                   0x080028c0   Section        0  stm32f1xx_hal_rcc.o(i.HAL_RCC_GetPCLK2Freq)
    i.HAL_RCC_GetSysClockFreq                0x080028e0   Section        0  stm32f1xx_hal_rcc.o(i.HAL_RCC_GetSysClockFreq)
    i.HAL_RCC_OscConfig                      0x0800292c   Section        0  stm32f1xx_hal_rcc.o(i.HAL_RCC_OscConfig)
    i.HAL_SYSTICK_Config                     0x08002c4c   Section        0  stm32f1xx_hal_cortex.o(i.HAL_SYSTICK_Config)
    i.HAL_UART_Init                          0x08002c74   Section        0  stm32f1xx_hal_uart.o(i.HAL_UART_Init)
    i.HAL_UART_MspInit                       0x08002cd8   Section        0  stm32f1xx_hal_msp.o(i.HAL_UART_MspInit)
    i.HAL_UART_Transmit                      0x08002d48   Section        0  stm32f1xx_hal_uart.o(i.HAL_UART_Transmit)
    i.HardFault_Handler                      0x08002de8   Section        0  stm32f1xx_it.o(i.HardFault_Handler)
    i.MAP                                    0x08002dea   Section        0  main.o(i.MAP)
    i.MX_ADC1_Init                           0x08002e00   Section        0  main.o(i.MX_ADC1_Init)
    MX_ADC1_Init                             0x08002e01   Thumb Code   132  main.o(i.MX_ADC1_Init)
    i.MX_GPIO_Init                           0x08002e8c   Section        0  main.o(i.MX_GPIO_Init)
    MX_GPIO_Init                             0x08002e8d   Thumb Code   240  main.o(i.MX_GPIO_Init)
    i.MemManage_Handler                      0x08002f8c   Section        0  stm32f1xx_it.o(i.MemManage_Handler)
    i.NMI_Handler                            0x08002f8e   Section        0  stm32f1xx_it.o(i.NMI_Handler)
    i.PendSV_Handler                         0x08002f90   Section        0  stm32f1xx_it.o(i.PendSV_Handler)
    i.SVC_Handler                            0x08002f92   Section        0  stm32f1xx_it.o(i.SVC_Handler)
    i.SysTick_Handler                        0x08002f94   Section        0  stm32f1xx_it.o(i.SysTick_Handler)
    i.SystemClock_Config                     0x08002f98   Section        0  main.o(i.SystemClock_Config)
    i.SystemInit                             0x08003010   Section        0  system_stm32f1xx.o(i.SystemInit)
    i.UART_EndRxTransfer                     0x08003012   Section        0  stm32f1xx_hal_uart.o(i.UART_EndRxTransfer)
    UART_EndRxTransfer                       0x08003013   Thumb Code    78  stm32f1xx_hal_uart.o(i.UART_EndRxTransfer)
    i.UART_SetConfig                         0x08003060   Section        0  stm32f1xx_hal_uart.o(i.UART_SetConfig)
    UART_SetConfig                           0x08003061   Thumb Code   178  stm32f1xx_hal_uart.o(i.UART_SetConfig)
    i.UART_WaitOnFlagUntilTimeout            0x08003118   Section        0  stm32f1xx_hal_uart.o(i.UART_WaitOnFlagUntilTimeout)
    UART_WaitOnFlagUntilTimeout              0x08003119   Thumb Code   114  stm32f1xx_hal_uart.o(i.UART_WaitOnFlagUntilTimeout)
    i.UsageFault_Handler                     0x0800318a   Section        0  stm32f1xx_it.o(i.UsageFault_Handler)
    i.__ARM_fpclassify                       0x0800318c   Section        0  fpclassify.o(i.__ARM_fpclassify)
    i.__NVIC_SetPriority                     0x080031b4   Section        0  stm32f1xx_hal_cortex.o(i.__NVIC_SetPriority)
    __NVIC_SetPriority                       0x080031b5   Thumb Code    32  stm32f1xx_hal_cortex.o(i.__NVIC_SetPriority)
    i.__kernel_poly                          0x080031d4   Section        0  poly.o(i.__kernel_poly)
    i.__mathlib_dbl_infnan                   0x0800327e   Section        0  dunder.o(i.__mathlib_dbl_infnan)
    i.__mathlib_dbl_infnan2                  0x08003284   Section        0  dunder.o(i.__mathlib_dbl_infnan2)
    i.__mathlib_dbl_underflow                0x08003288   Section        0  dunder.o(i.__mathlib_dbl_underflow)
    i._is_digit                              0x08003298   Section        0  __printf_wp.o(i._is_digit)
    i.atan                                   0x080032a8   Section        0  atan.o(i.atan)
    i.atan2                                  0x080034c8   Section        0  atan2.o(i.atan2)
    i.calculate_joystick_angle               0x08003648   Section        0  main.o(i.calculate_joystick_angle)
    i.control_bluetooth                      0x080036b0   Section        0  main.o(i.control_bluetooth)
    i.control_led_horn                       0x08003790   Section        0  main.o(i.control_led_horn)
    i.main                                   0x08003814   Section        0  main.o(i.main)
    i.read_button                            0x08003894   Section        0  main.o(i.read_button)
    i.read_joy                               0x08003928   Section        0  main.o(i.read_joy)
    i.sqrt                                   0x080039c0   Section        0  sqrt.o(i.sqrt)
    i.updateEstimate                         0x08003a0c   Section        0  kalman.o(i.updateEstimate)
    locale$$code                             0x08003ab4   Section       44  lc_numeric_c.o(locale$$code)
    locale$$code                             0x08003ae0   Section       44  lc_ctype_c.o(locale$$code)
    x$fpl$d2f                                0x08003b0c   Section       98  d2f.o(x$fpl$d2f)
    x$fpl$dadd                               0x08003b70   Section      336  daddsub_clz.o(x$fpl$dadd)
    _dadd1                                   0x08003b81   Thumb Code     0  daddsub_clz.o(x$fpl$dadd)
    x$fpl$dcheck1                            0x08003cc0   Section       16  dcheck1.o(x$fpl$dcheck1)
    x$fpl$ddiv                               0x08003cd0   Section      688  ddiv.o(x$fpl$ddiv)
    ddiv_entry                               0x08003cd7   Thumb Code     0  ddiv.o(x$fpl$ddiv)
    x$fpl$dfix                               0x08003f80   Section       94  dfix.o(x$fpl$dfix)
    x$fpl$dflt                               0x08003fde   Section       46  dflt_clz.o(x$fpl$dflt)
    x$fpl$dmul                               0x0800400c   Section      340  dmul.o(x$fpl$dmul)
    x$fpl$dnaninf                            0x08004160   Section      156  dnaninf.o(x$fpl$dnaninf)
    x$fpl$dretinf                            0x080041fc   Section       12  dretinf.o(x$fpl$dretinf)
    x$fpl$drsb                               0x08004208   Section       22  daddsub_clz.o(x$fpl$drsb)
    x$fpl$dsqrt                              0x08004220   Section      460  dsqrt_noumaal.o(x$fpl$dsqrt)
    x$fpl$dsub                               0x080043ec   Section      468  daddsub_clz.o(x$fpl$dsub)
    _dsub1                                   0x080043fd   Thumb Code     0  daddsub_clz.o(x$fpl$dsub)
    x$fpl$f2d                                0x080045c0   Section       86  f2d.o(x$fpl$f2d)
    x$fpl$fadd                               0x08004618   Section      196  faddsub_clz.o(x$fpl$fadd)
    _fadd1                                   0x08004627   Thumb Code     0  faddsub_clz.o(x$fpl$fadd)
    x$fpl$fdiv                               0x080046dc   Section      388  fdiv.o(x$fpl$fdiv)
    _fdiv1                                   0x080046dd   Thumb Code     0  fdiv.o(x$fpl$fdiv)
    x$fpl$ffixu                              0x08004860   Section       62  ffixu.o(x$fpl$ffixu)
    x$fpl$ffltu                              0x080048a0   Section       38  fflt_clz.o(x$fpl$ffltu)
    x$fpl$fmul                               0x080048c8   Section      258  fmul.o(x$fpl$fmul)
    x$fpl$fnaninf                            0x080049ca   Section      140  fnaninf.o(x$fpl$fnaninf)
    x$fpl$fretinf                            0x08004a56   Section       10  fretinf.o(x$fpl$fretinf)
    x$fpl$fsub                               0x08004a60   Section      234  faddsub_clz.o(x$fpl$fsub)
    _fsub1                                   0x08004a6f   Thumb Code     0  faddsub_clz.o(x$fpl$fsub)
    x$fpl$printf1                            0x08004b4a   Section        4  printf1.o(x$fpl$printf1)
    x$fpl$printf2                            0x08004b4e   Section        4  printf2.o(x$fpl$printf2)
    x$fpl$retnan                             0x08004b52   Section      100  retnan.o(x$fpl$retnan)
    x$fpl$scalbn                             0x08004bb6   Section       92  scalbn.o(x$fpl$scalbn)
    x$fpl$trapveneer                         0x08004c12   Section       48  trapv.o(x$fpl$trapveneer)
    .constdata                               0x08004c42   Section       18  stm32f1xx_hal_rcc.o(.constdata)
    x$fpl$usenofp                            0x08004c42   Section        0  usenofp.o(x$fpl$usenofp)
    aPredivFactorTable                       0x08004c42   Data           2  stm32f1xx_hal_rcc.o(.constdata)
    aPLLMULFactorTable                       0x08004c44   Data          16  stm32f1xx_hal_rcc.o(.constdata)
    .constdata                               0x08004c54   Section       16  system_stm32f1xx.o(.constdata)
    .constdata                               0x08004c64   Section        8  system_stm32f1xx.o(.constdata)
    .constdata                               0x08004c6c   Section        8  _printf_wctomb.o(.constdata)
    initial_mbstate                          0x08004c6c   Data           8  _printf_wctomb.o(.constdata)
    .constdata                               0x08004c74   Section       40  _printf_hex_int_ll_ptr.o(.constdata)
    uc_hextab                                0x08004c74   Data          20  _printf_hex_int_ll_ptr.o(.constdata)
    lc_hextab                                0x08004c88   Data          20  _printf_hex_int_ll_ptr.o(.constdata)
    .constdata                               0x08004c9c   Section       17  __printf_flags_ss_wp.o(.constdata)
    maptable                                 0x08004c9c   Data          17  __printf_flags_ss_wp.o(.constdata)
    .constdata                               0x08004cb0   Section      152  atan.o(.constdata)
    atanhi                                   0x08004cb0   Data          32  atan.o(.constdata)
    atanlo                                   0x08004cd0   Data          32  atan.o(.constdata)
    aTodd                                    0x08004cf0   Data          40  atan.o(.constdata)
    aTeven                                   0x08004d18   Data          48  atan.o(.constdata)
    .constdata                               0x08004d48   Section        8  qnan.o(.constdata)
    .constdata                               0x08004d50   Section       38  _printf_fp_hex.o(.constdata)
    lc_hextab                                0x08004d50   Data          19  _printf_fp_hex.o(.constdata)
    uc_hextab                                0x08004d63   Data          19  _printf_fp_hex.o(.constdata)
    .constdata                               0x08004d78   Section      148  bigflt0.o(.constdata)
    tenpwrs_x                                0x08004d78   Data          60  bigflt0.o(.constdata)
    tenpwrs_i                                0x08004db4   Data          64  bigflt0.o(.constdata)
    locale$$data                             0x08004e2c   Section       28  lc_numeric_c.o(locale$$data)
    __lcnum_c_name                           0x08004e30   Data           2  lc_numeric_c.o(locale$$data)
    __lcnum_c_start                          0x08004e38   Data           0  lc_numeric_c.o(locale$$data)
    __lcnum_c_point                          0x08004e44   Data           0  lc_numeric_c.o(locale$$data)
    __lcnum_c_thousands                      0x08004e46   Data           0  lc_numeric_c.o(locale$$data)
    __lcnum_c_grouping                       0x08004e47   Data           0  lc_numeric_c.o(locale$$data)
    locale$$data                             0x08004e48   Section      272  lc_ctype_c.o(locale$$data)
    __lcnum_c_end                            0x08004e48   Data           0  lc_numeric_c.o(locale$$data)
    __lcctype_c_name                         0x08004e4c   Data           2  lc_ctype_c.o(locale$$data)
    __lcctype_c_start                        0x08004e54   Data           0  lc_ctype_c.o(locale$$data)
    __lcctype_c_end                          0x08004f58   Data           0  lc_ctype_c.o(locale$$data)
    .data                                    0x20000000   Section       24  kalman.o(.data)
    .data                                    0x20000018   Section       48  main.o(.data)
    joystick_angle1                          0x2000001c   Data           4  main.o(.data)
    joystick_angle2                          0x20000020   Data           4  main.o(.data)
    x1                                       0x20000024   Data           4  main.o(.data)
    y1                                       0x20000028   Data           4  main.o(.data)
    x2                                       0x2000002c   Data           4  main.o(.data)
    y2                                       0x20000030   Data           4  main.o(.data)
    val_kalman                               0x20000040   Data           8  main.o(.data)
    .data                                    0x20000048   Section       12  stm32f1xx_hal.o(.data)
    .data                                    0x20000054   Section        4  system_stm32f1xx.o(.data)
    .bss                                     0x20000058   Section      176  main.o(.bss)
    val                                      0x200000d0   Data          16  main.o(.bss)
    .bss                                     0x20000108   Section       68  main.o(.bss)
    .bss                                     0x2000014c   Section       96  libspace.o(.bss)
    HEAP                                     0x200001b0   Section      512  startup_stm32f103xb.o(HEAP)
    Heap_Mem                                 0x200001b0   Data         512  startup_stm32f103xb.o(HEAP)
    STACK                                    0x200003b0   Section     1024  startup_stm32f103xb.o(STACK)
    Stack_Mem                                0x200003b0   Data        1024  startup_stm32f103xb.o(STACK)
    __initial_sp                             0x200007b0   Data           0  startup_stm32f103xb.o(STACK)

    Global Symbols

    Symbol Name                              Value     Ov Type        Size  Object(Section)

    BuildAttributes$$THM_ISAv4$P$D$K$B$S$PE$A:L22UL41UL21$X:L11$S22US41US21$IEEE1$IW$USESV6$~STKCKD$USESV7$~SHL$OTIME$ROPI$IEEEX$EBA8$UX$STANDARDLIB$REQ8$PRES8$EABIv2 0x00000000   Number         0  anon$$obj.o ABSOLUTE
    __ARM_use_no_argv                        0x00000000   Number         0  main.o ABSOLUTE
    _printf_flags                            0x00000000   Number         0  printf_stubs.o ABSOLUTE
    _printf_return_value                     0x00000000   Number         0  printf_stubs.o ABSOLUTE
    _printf_sizespec                         0x00000000   Number         0  printf_stubs.o ABSOLUTE
    _printf_widthprec                        0x00000000   Number         0  printf_stubs.o ABSOLUTE
    __ARM_exceptions_init                     - Undefined Weak Reference
    __alloca_initialize                       - Undefined Weak Reference
    __arm_preinit_                            - Undefined Weak Reference
    __cpp_initialize__aeabi_                  - Undefined Weak Reference
    __cxa_finalize                            - Undefined Weak Reference
    __sigvec_lookup                           - Undefined Weak Reference
    _atexit_init                              - Undefined Weak Reference
    _call_atexit_fns                          - Undefined Weak Reference
    _clock_init                               - Undefined Weak Reference
    _fp_trap_init                             - Undefined Weak Reference
    _fp_trap_shutdown                         - Undefined Weak Reference
    _get_lc_collate                           - Undefined Weak Reference
    _get_lc_monetary                          - Undefined Weak Reference
    _get_lc_time                              - Undefined Weak Reference
    _getenv_init                              - Undefined Weak Reference
    _handle_redirection                       - Undefined Weak Reference
    _init_alloc                               - Undefined Weak Reference
    _init_user_alloc                          - Undefined Weak Reference
    _initio                                   - Undefined Weak Reference
    _printf_mbtowc                            - Undefined Weak Reference
    _printf_wc                                - Undefined Weak Reference
    _rand_init                                - Undefined Weak Reference
    _signal_finish                            - Undefined Weak Reference
    _signal_init                              - Undefined Weak Reference
    _terminate_alloc                          - Undefined Weak Reference
    _terminate_user_alloc                     - Undefined Weak Reference
    _terminateio                              - Undefined Weak Reference
    __Vectors_Size                           0x000000ec   Number         0  startup_stm32f103xb.o ABSOLUTE
    __Vectors                                0x08000000   Data           4  startup_stm32f103xb.o(RESET)
    __Vectors_End                            0x080000ec   Data           0  startup_stm32f103xb.o(RESET)
    __main                                   0x080000ed   Thumb Code     8  __main.o(!!!main)
    __scatterload                            0x080000f5   Thumb Code     0  __scatter.o(!!!scatter)
    __scatterload_rt2                        0x080000f5   Thumb Code    44  __scatter.o(!!!scatter)
    __scatterload_rt2_thumb_only             0x080000f5   Thumb Code     0  __scatter.o(!!!scatter)
    __scatterload_null                       0x08000103   Thumb Code     0  __scatter.o(!!!scatter)
    __scatterload_copy                       0x08000129   Thumb Code    26  __scatter_copy.o(!!handler_copy)
    __scatterload_zeroinit                   0x08000145   Thumb Code    28  __scatter_zi.o(!!handler_zi)
    _printf_n                                0x08000161   Thumb Code     0  _printf_n.o(.ARM.Collect$$_printf_percent$$00000001)
    _printf_percent                          0x08000161   Thumb Code     0  _printf_percent.o(.ARM.Collect$$_printf_percent$$00000000)
    _printf_p                                0x08000167   Thumb Code     0  _printf_p.o(.ARM.Collect$$_printf_percent$$00000002)
    _printf_f                                0x0800016d   Thumb Code     0  _printf_f.o(.ARM.Collect$$_printf_percent$$00000003)
    _printf_e                                0x08000173   Thumb Code     0  _printf_e.o(.ARM.Collect$$_printf_percent$$00000004)
    _printf_g                                0x08000179   Thumb Code     0  _printf_g.o(.ARM.Collect$$_printf_percent$$00000005)
    _printf_a                                0x0800017f   Thumb Code     0  _printf_a.o(.ARM.Collect$$_printf_percent$$00000006)
    _printf_ll                               0x08000185   Thumb Code     0  _printf_ll.o(.ARM.Collect$$_printf_percent$$00000007)
    _printf_i                                0x0800018f   Thumb Code     0  _printf_i.o(.ARM.Collect$$_printf_percent$$00000008)
    _printf_d                                0x08000195   Thumb Code     0  _printf_d.o(.ARM.Collect$$_printf_percent$$00000009)
    _printf_u                                0x0800019b   Thumb Code     0  _printf_u.o(.ARM.Collect$$_printf_percent$$0000000A)
    _printf_o                                0x080001a1   Thumb Code     0  _printf_o.o(.ARM.Collect$$_printf_percent$$0000000B)
    _printf_x                                0x080001a7   Thumb Code     0  _printf_x.o(.ARM.Collect$$_printf_percent$$0000000C)
    _printf_lli                              0x080001ad   Thumb Code     0  _printf_lli.o(.ARM.Collect$$_printf_percent$$0000000D)
    _printf_lld                              0x080001b3   Thumb Code     0  _printf_lld.o(.ARM.Collect$$_printf_percent$$0000000E)
    _printf_llu                              0x080001b9   Thumb Code     0  _printf_llu.o(.ARM.Collect$$_printf_percent$$0000000F)
    _printf_llo                              0x080001bf   Thumb Code     0  _printf_llo.o(.ARM.Collect$$_printf_percent$$00000010)
    _printf_llx                              0x080001c5   Thumb Code     0  _printf_llx.o(.ARM.Collect$$_printf_percent$$00000011)
    _printf_l                                0x080001cb   Thumb Code     0  _printf_l.o(.ARM.Collect$$_printf_percent$$00000012)
    _printf_c                                0x080001d5   Thumb Code     0  _printf_c.o(.ARM.Collect$$_printf_percent$$00000013)
    _printf_s                                0x080001db   Thumb Code     0  _printf_s.o(.ARM.Collect$$_printf_percent$$00000014)
    _printf_lc                               0x080001e1   Thumb Code     0  _printf_lc.o(.ARM.Collect$$_printf_percent$$00000015)
    _printf_ls                               0x080001e7   Thumb Code     0  _printf_ls.o(.ARM.Collect$$_printf_percent$$00000016)
    _printf_percent_end                      0x080001ed   Thumb Code     0  _printf_percent_end.o(.ARM.Collect$$_printf_percent$$00000017)
    __rt_lib_init                            0x080001f1   Thumb Code     0  libinit.o(.ARM.Collect$$libinit$$00000000)
    __rt_lib_init_fp_1                       0x080001f3   Thumb Code     0  libinit2.o(.ARM.Collect$$libinit$$00000002)
    __rt_lib_init_heap_1                     0x080001f3   Thumb Code     0  libinit2.o(.ARM.Collect$$libinit$$0000000A)
    __rt_lib_init_lc_common                  0x080001f3   Thumb Code     0  libinit2.o(.ARM.Collect$$libinit$$0000000F)
    __rt_lib_init_preinit_1                  0x080001f3   Thumb Code     0  libinit2.o(.ARM.Collect$$libinit$$00000004)
    __rt_lib_init_rand_1                     0x080001f3   Thumb Code     0  libinit2.o(.ARM.Collect$$libinit$$0000000E)
    __rt_lib_init_user_alloc_1               0x080001f3   Thumb Code     0  libinit2.o(.ARM.Collect$$libinit$$0000000C)
    __rt_lib_init_lc_collate_1               0x080001f9   Thumb Code     0  libinit2.o(.ARM.Collect$$libinit$$00000011)
    __rt_lib_init_lc_ctype_2                 0x080001f9   Thumb Code     0  libinit2.o(.ARM.Collect$$libinit$$00000012)
    __rt_lib_init_lc_ctype_1                 0x08000205   Thumb Code     0  libinit2.o(.ARM.Collect$$libinit$$00000013)
    __rt_lib_init_lc_monetary_1              0x08000205   Thumb Code     0  libinit2.o(.ARM.Collect$$libinit$$00000015)
    __rt_lib_init_lc_numeric_2               0x08000205   Thumb Code     0  libinit2.o(.ARM.Collect$$libinit$$00000016)
    __rt_lib_init_alloca_1                   0x0800020f   Thumb Code     0  libinit2.o(.ARM.Collect$$libinit$$0000002E)
    __rt_lib_init_argv_1                     0x0800020f   Thumb Code     0  libinit2.o(.ARM.Collect$$libinit$$0000002C)
    __rt_lib_init_atexit_1                   0x0800020f   Thumb Code     0  libinit2.o(.ARM.Collect$$libinit$$0000001B)
    __rt_lib_init_clock_1                    0x0800020f   Thumb Code     0  libinit2.o(.ARM.Collect$$libinit$$00000021)
    __rt_lib_init_cpp_1                      0x0800020f   Thumb Code     0  libinit2.o(.ARM.Collect$$libinit$$00000032)
    __rt_lib_init_exceptions_1               0x0800020f   Thumb Code     0  libinit2.o(.ARM.Collect$$libinit$$00000030)
    __rt_lib_init_fp_trap_1                  0x0800020f   Thumb Code     0  libinit2.o(.ARM.Collect$$libinit$$0000001F)
    __rt_lib_init_getenv_1                   0x0800020f   Thumb Code     0  libinit2.o(.ARM.Collect$$libinit$$00000023)
    __rt_lib_init_lc_numeric_1               0x0800020f   Thumb Code     0  libinit2.o(.ARM.Collect$$libinit$$00000017)
    __rt_lib_init_lc_time_1                  0x0800020f   Thumb Code     0  libinit2.o(.ARM.Collect$$libinit$$00000019)
    __rt_lib_init_return                     0x0800020f   Thumb Code     0  libinit2.o(.ARM.Collect$$libinit$$00000033)
    __rt_lib_init_signal_1                   0x0800020f   Thumb Code     0  libinit2.o(.ARM.Collect$$libinit$$0000001D)
    __rt_lib_init_stdio_1                    0x0800020f   Thumb Code     0  libinit2.o(.ARM.Collect$$libinit$$00000025)
    __rt_lib_shutdown                        0x08000211   Thumb Code     0  libshutdown.o(.ARM.Collect$$libshutdown$$00000000)
    __rt_lib_shutdown_cpp_1                  0x08000213   Thumb Code     0  libshutdown2.o(.ARM.Collect$$libshutdown$$00000002)
    __rt_lib_shutdown_fp_trap_1              0x08000213   Thumb Code     0  libshutdown2.o(.ARM.Collect$$libshutdown$$00000007)
    __rt_lib_shutdown_heap_1                 0x08000213   Thumb Code     0  libshutdown2.o(.ARM.Collect$$libshutdown$$0000000F)
    __rt_lib_shutdown_return                 0x08000213   Thumb Code     0  libshutdown2.o(.ARM.Collect$$libshutdown$$00000010)
    __rt_lib_shutdown_signal_1               0x08000213   Thumb Code     0  libshutdown2.o(.ARM.Collect$$libshutdown$$0000000A)
    __rt_lib_shutdown_stdio_1                0x08000213   Thumb Code     0  libshutdown2.o(.ARM.Collect$$libshutdown$$00000004)
    __rt_lib_shutdown_user_alloc_1           0x08000213   Thumb Code     0  libshutdown2.o(.ARM.Collect$$libshutdown$$0000000C)
    __rt_entry                               0x08000215   Thumb Code     0  __rtentry.o(.ARM.Collect$$rtentry$$00000000)
    __rt_entry_presh_1                       0x08000215   Thumb Code     0  __rtentry2.o(.ARM.Collect$$rtentry$$00000002)
    __rt_entry_sh                            0x08000215   Thumb Code     0  __rtentry4.o(.ARM.Collect$$rtentry$$00000004)
    __rt_entry_li                            0x0800021b   Thumb Code     0  __rtentry2.o(.ARM.Collect$$rtentry$$0000000A)
    __rt_entry_postsh_1                      0x0800021b   Thumb Code     0  __rtentry2.o(.ARM.Collect$$rtentry$$00000009)
    __rt_entry_main                          0x0800021f   Thumb Code     0  __rtentry2.o(.ARM.Collect$$rtentry$$0000000D)
    __rt_entry_postli_1                      0x0800021f   Thumb Code     0  __rtentry2.o(.ARM.Collect$$rtentry$$0000000C)
    __rt_exit                                0x08000227   Thumb Code     0  rtexit.o(.ARM.Collect$$rtexit$$00000000)
    __rt_exit_ls                             0x08000229   Thumb Code     0  rtexit2.o(.ARM.Collect$$rtexit$$00000003)
    __rt_exit_prels_1                        0x08000229   Thumb Code     0  rtexit2.o(.ARM.Collect$$rtexit$$00000002)
    __rt_exit_exit                           0x0800022d   Thumb Code     0  rtexit2.o(.ARM.Collect$$rtexit$$00000004)
    Reset_Handler                            0x08000235   Thumb Code     8  startup_stm32f103xb.o(.text)
    ADC1_2_IRQHandler                        0x0800024f   Thumb Code     0  startup_stm32f103xb.o(.text)
    CAN1_RX1_IRQHandler                      0x0800024f   Thumb Code     0  startup_stm32f103xb.o(.text)
    CAN1_SCE_IRQHandler                      0x0800024f   Thumb Code     0  startup_stm32f103xb.o(.text)
    DMA1_Channel2_IRQHandler                 0x0800024f   Thumb Code     0  startup_stm32f103xb.o(.text)
    DMA1_Channel3_IRQHandler                 0x0800024f   Thumb Code     0  startup_stm32f103xb.o(.text)
    DMA1_Channel4_IRQHandler                 0x0800024f   Thumb Code     0  startup_stm32f103xb.o(.text)
    DMA1_Channel5_IRQHandler                 0x0800024f   Thumb Code     0  startup_stm32f103xb.o(.text)
    DMA1_Channel6_IRQHandler                 0x0800024f   Thumb Code     0  startup_stm32f103xb.o(.text)
    DMA1_Channel7_IRQHandler                 0x0800024f   Thumb Code     0  startup_stm32f103xb.o(.text)
    EXTI0_IRQHandler                         0x0800024f   Thumb Code     0  startup_stm32f103xb.o(.text)
    EXTI15_10_IRQHandler                     0x0800024f   Thumb Code     0  startup_stm32f103xb.o(.text)
    EXTI1_IRQHandler                         0x0800024f   Thumb Code     0  startup_stm32f103xb.o(.text)
    EXTI2_IRQHandler                         0x0800024f   Thumb Code     0  startup_stm32f103xb.o(.text)
    EXTI3_IRQHandler                         0x0800024f   Thumb Code     0  startup_stm32f103xb.o(.text)
    EXTI4_IRQHandler                         0x0800024f   Thumb Code     0  startup_stm32f103xb.o(.text)
    EXTI9_5_IRQHandler                       0x0800024f   Thumb Code     0  startup_stm32f103xb.o(.text)
    FLASH_IRQHandler                         0x0800024f   Thumb Code     0  startup_stm32f103xb.o(.text)
    I2C1_ER_IRQHandler                       0x0800024f   Thumb Code     0  startup_stm32f103xb.o(.text)
    I2C1_EV_IRQHandler                       0x0800024f   Thumb Code     0  startup_stm32f103xb.o(.text)
    I2C2_ER_IRQHandler                       0x0800024f   Thumb Code     0  startup_stm32f103xb.o(.text)
    I2C2_EV_IRQHandler                       0x0800024f   Thumb Code     0  startup_stm32f103xb.o(.text)
    PVD_IRQHandler                           0x0800024f   Thumb Code     0  startup_stm32f103xb.o(.text)
    RCC_IRQHandler                           0x0800024f   Thumb Code     0  startup_stm32f103xb.o(.text)
    RTC_Alarm_IRQHandler                     0x0800024f   Thumb Code     0  startup_stm32f103xb.o(.text)
    RTC_IRQHandler                           0x0800024f   Thumb Code     0  startup_stm32f103xb.o(.text)
    SPI1_IRQHandler                          0x0800024f   Thumb Code     0  startup_stm32f103xb.o(.text)
    SPI2_IRQHandler                          0x0800024f   Thumb Code     0  startup_stm32f103xb.o(.text)
    TAMPER_IRQHandler                        0x0800024f   Thumb Code     0  startup_stm32f103xb.o(.text)
    TIM1_BRK_IRQHandler                      0x0800024f   Thumb Code     0  startup_stm32f103xb.o(.text)
    TIM1_CC_IRQHandler                       0x0800024f   Thumb Code     0  startup_stm32f103xb.o(.text)
    TIM1_TRG_COM_IRQHandler                  0x0800024f   Thumb Code     0  startup_stm32f103xb.o(.text)
    TIM1_UP_IRQHandler                       0x0800024f   Thumb Code     0  startup_stm32f103xb.o(.text)
    TIM2_IRQHandler                          0x0800024f   Thumb Code     0  startup_stm32f103xb.o(.text)
    TIM3_IRQHandler                          0x0800024f   Thumb Code     0  startup_stm32f103xb.o(.text)
    TIM4_IRQHandler                          0x0800024f   Thumb Code     0  startup_stm32f103xb.o(.text)
    USART1_IRQHandler                        0x0800024f   Thumb Code     0  startup_stm32f103xb.o(.text)
    USART2_IRQHandler                        0x0800024f   Thumb Code     0  startup_stm32f103xb.o(.text)
    USART3_IRQHandler                        0x0800024f   Thumb Code     0  startup_stm32f103xb.o(.text)
    USBWakeUp_IRQHandler                     0x0800024f   Thumb Code     0  startup_stm32f103xb.o(.text)
    USB_HP_CAN1_TX_IRQHandler                0x0800024f   Thumb Code     0  startup_stm32f103xb.o(.text)
    USB_LP_CAN1_RX0_IRQHandler               0x0800024f   Thumb Code     0  startup_stm32f103xb.o(.text)
    WWDG_IRQHandler                          0x0800024f   Thumb Code     0  startup_stm32f103xb.o(.text)
    __user_initial_stackheap                 0x08000251   Thumb Code     0  startup_stm32f103xb.o(.text)
    vsnprintf                                0x08000275   Thumb Code    48  vsnprintf.o(.text)
    strlen                                   0x080002a9   Thumb Code    62  strlen.o(.text)
    __aeabi_memclr4                          0x080002e7   Thumb Code     0  rt_memclr_w.o(.text)
    __aeabi_memclr8                          0x080002e7   Thumb Code     0  rt_memclr_w.o(.text)
    __rt_memclr_w                            0x080002e7   Thumb Code    78  rt_memclr_w.o(.text)
    _memset_w                                0x080002eb   Thumb Code     0  rt_memclr_w.o(.text)
    __use_two_region_memory                  0x08000335   Thumb Code     2  heapauxi.o(.text)
    __rt_heap_escrow$2region                 0x08000337   Thumb Code     2  heapauxi.o(.text)
    __rt_heap_expand$2region                 0x08000339   Thumb Code     2  heapauxi.o(.text)
    __read_errno                             0x0800033b   Thumb Code    10  _rserrno.o(.text)
    __set_errno                              0x08000345   Thumb Code    12  _rserrno.o(.text)
    _printf_pre_padding                      0x08000351   Thumb Code    44  _printf_pad.o(.text)
    _printf_post_padding                     0x0800037d   Thumb Code    34  _printf_pad.o(.text)
    _printf_truncate_signed                  0x0800039f   Thumb Code    18  _printf_truncate.o(.text)
    _printf_truncate_unsigned                0x080003b1   Thumb Code    18  _printf_truncate.o(.text)
    _printf_str                              0x080003c3   Thumb Code    82  _printf_str.o(.text)
    _printf_int_dec                          0x08000415   Thumb Code   104  _printf_dec.o(.text)
    _printf_charcount                        0x0800048d   Thumb Code    40  _printf_charcount.o(.text)
    _printf_char_common                      0x080004bf   Thumb Code    32  _printf_char_common.o(.text)
    _sputc                                   0x080004e5   Thumb Code    10  _sputc.o(.text)
    _snputc                                  0x080004ef   Thumb Code    16  _snputc.o(.text)
    _printf_wctomb                           0x08000501   Thumb Code   182  _printf_wctomb.o(.text)
    _printf_longlong_dec                     0x080005bd   Thumb Code   108  _printf_longlong_dec.o(.text)
    _printf_longlong_oct                     0x08000639   Thumb Code    68  _printf_oct_int_ll.o(.text)
    _printf_int_oct                          0x0800067d   Thumb Code    24  _printf_oct_int_ll.o(.text)
    _printf_ll_oct                           0x08000695   Thumb Code    12  _printf_oct_int_ll.o(.text)
    _printf_longlong_hex                     0x080006a9   Thumb Code    86  _printf_hex_int_ll_ptr.o(.text)
    _printf_int_hex                          0x080006ff   Thumb Code    28  _printf_hex_int_ll_ptr.o(.text)
    _printf_ll_hex                           0x0800071b   Thumb Code    12  _printf_hex_int_ll_ptr.o(.text)
    _printf_hex_ptr                          0x08000727   Thumb Code    18  _printf_hex_int_ll_ptr.o(.text)
    __printf                                 0x0800073d   Thumb Code   388  __printf_flags_ss_wp.o(.text)
    __aeabi_errno_addr                       0x080008c5   Thumb Code     8  rt_errno_addr_intlibspace.o(.text)
    __errno$intlibspace                      0x080008c5   Thumb Code     0  rt_errno_addr_intlibspace.o(.text)
    __rt_errno_addr$intlibspace              0x080008c5   Thumb Code     0  rt_errno_addr_intlibspace.o(.text)
    _ll_udiv10                               0x080008cd   Thumb Code   138  lludiv10.o(.text)
    _printf_int_common                       0x08000957   Thumb Code   178  _printf_intcommon.o(.text)
    __lib_sel_fp_printf                      0x08000a09   Thumb Code     2  _printf_fp_dec.o(.text)
    _printf_fp_dec_real                      0x08000bb7   Thumb Code   620  _printf_fp_dec.o(.text)
    _printf_fp_hex_real                      0x08000e25   Thumb Code   754  _printf_fp_hex.o(.text)
    _printf_cs_common                        0x08001121   Thumb Code    20  _printf_char.o(.text)
    _printf_char                             0x08001135   Thumb Code    16  _printf_char.o(.text)
    _printf_string                           0x08001145   Thumb Code     8  _printf_char.o(.text)
    _printf_lcs_common                       0x0800114d   Thumb Code    20  _printf_wchar.o(.text)
    _printf_wchar                            0x08001161   Thumb Code    16  _printf_wchar.o(.text)
    _printf_wstring                          0x08001171   Thumb Code     8  _printf_wchar.o(.text)
    _wcrtomb                                 0x08001179   Thumb Code    64  _wcrtomb.o(.text)
    __user_libspace                          0x080011b9   Thumb Code     8  libspace.o(.text)
    __user_perproc_libspace                  0x080011b9   Thumb Code     0  libspace.o(.text)
    __user_perthread_libspace                0x080011b9   Thumb Code     0  libspace.o(.text)
    __user_setup_stackheap                   0x080011c1   Thumb Code    74  sys_stackheap_outer.o(.text)
    __rt_ctype_table                         0x0800120d   Thumb Code    16  rt_ctype_table.o(.text)
    __rt_locale                              0x0800121d   Thumb Code     8  rt_locale_intlibspace.o(.text)
    _printf_fp_infnan                        0x08001225   Thumb Code   112  _printf_fp_infnan.o(.text)
    _btod_etento                             0x080012a5   Thumb Code   216  bigflt0.o(.text)
    exit                                     0x08001381   Thumb Code    18  exit.o(.text)
    strcmp                                   0x08001395   Thumb Code   128  strcmpv7m.o(.text)
    _sys_exit                                0x08001415   Thumb Code     8  sys_exit.o(.text)
    __I$use$semihosting                      0x08001421   Thumb Code     0  use_no_semi.o(.text)
    __use_no_semihosting_swi                 0x08001421   Thumb Code     2  use_no_semi.o(.text)
    __semihosting_library_function           0x08001423   Thumb Code     0  indicate_semi.o(.text)
    _btod_d2e                                0x08001423   Thumb Code    62  btod.o(CL$$btod_d2e)
    _d2e_denorm_low                          0x08001461   Thumb Code    70  btod.o(CL$$btod_d2e_denorm_low)
    _d2e_norm_op1                            0x080014a7   Thumb Code    96  btod.o(CL$$btod_d2e_norm_op1)
    __btod_div_common                        0x08001507   Thumb Code   696  btod.o(CL$$btod_div_common)
    _e2e                                     0x0800183f   Thumb Code   198  btod.o(CL$$btod_e2e)
    _btod_ediv                               0x08001905   Thumb Code    40  btod.o(CL$$btod_ediv)
    _btod_emul                               0x0800192d   Thumb Code    40  btod.o(CL$$btod_emul)
    __btod_mult_common                       0x08001955   Thumb Code   580  btod.o(CL$$btod_mult_common)
    ADC_ConversionStop_Disable               0x08001b99   Thumb Code    86  stm32f1xx_hal_adc.o(i.ADC_ConversionStop_Disable)
    ADC_DMAConvCplt                          0x08001bef   Thumb Code    78  stm32f1xx_hal_adc.o(i.ADC_DMAConvCplt)
    ADC_DMAError                             0x08001c3d   Thumb Code    26  stm32f1xx_hal_adc.o(i.ADC_DMAError)
    ADC_DMAHalfConvCplt                      0x08001c57   Thumb Code    10  stm32f1xx_hal_adc.o(i.ADC_DMAHalfConvCplt)
    ADC_Enable                               0x08001c61   Thumb Code   114  stm32f1xx_hal_adc.o(i.ADC_Enable)
    BusFault_Handler                         0x08001cdd   Thumb Code     2  stm32f1xx_it.o(i.BusFault_Handler)
    DMA1_Channel1_IRQHandler                 0x08001ce1   Thumb Code     6  stm32f1xx_it.o(i.DMA1_Channel1_IRQHandler)
    DebugMon_Handler                         0x08001d17   Thumb Code     2  stm32f1xx_it.o(i.DebugMon_Handler)
    Error_Handler                            0x08001d19   Thumb Code     4  main.o(i.Error_Handler)
    HAL_ADC_ConfigChannel                    0x08001d1d   Thumb Code   240  stm32f1xx_hal_adc.o(i.HAL_ADC_ConfigChannel)
    HAL_ADC_ConvCpltCallback                 0x08001e19   Thumb Code     2  stm32f1xx_hal_adc.o(i.HAL_ADC_ConvCpltCallback)
    HAL_ADC_ConvHalfCpltCallback             0x08001e1b   Thumb Code     2  stm32f1xx_hal_adc.o(i.HAL_ADC_ConvHalfCpltCallback)
    HAL_ADC_ErrorCallback                    0x08001e1d   Thumb Code     2  stm32f1xx_hal_adc.o(i.HAL_ADC_ErrorCallback)
    HAL_ADC_Init                             0x08001e21   Thumb Code   272  stm32f1xx_hal_adc.o(i.HAL_ADC_Init)
    HAL_ADC_MspInit                          0x08001f3d   Thumb Code   122  stm32f1xx_hal_msp.o(i.HAL_ADC_MspInit)
    HAL_ADC_Start_DMA                        0x08001fcd   Thumb Code   246  stm32f1xx_hal_adc.o(i.HAL_ADC_Start_DMA)
    HAL_DMA_IRQHandler                       0x080020d9   Thumb Code   316  stm32f1xx_hal_dma.o(i.HAL_DMA_IRQHandler)
    HAL_DMA_Init                             0x0800222d   Thumb Code    84  stm32f1xx_hal_dma.o(i.HAL_DMA_Init)
    HAL_DMA_Start_IT                         0x08002289   Thumb Code   112  stm32f1xx_hal_dma.o(i.HAL_DMA_Start_IT)
    HAL_Delay                                0x080022f9   Thumb Code    32  stm32f1xx_hal.o(i.HAL_Delay)
    HAL_GPIO_Init                            0x0800231d   Thumb Code   446  stm32f1xx_hal_gpio.o(i.HAL_GPIO_Init)
    HAL_GPIO_ReadPin                         0x080024fd   Thumb Code    10  stm32f1xx_hal_gpio.o(i.HAL_GPIO_ReadPin)
    HAL_GPIO_WritePin                        0x08002507   Thumb Code    10  stm32f1xx_hal_gpio.o(i.HAL_GPIO_WritePin)
    HAL_GetTick                              0x08002511   Thumb Code     6  stm32f1xx_hal.o(i.HAL_GetTick)
    HAL_IncTick                              0x0800251d   Thumb Code    12  stm32f1xx_hal.o(i.HAL_IncTick)
    HAL_Init                                 0x0800252d   Thumb Code    32  stm32f1xx_hal.o(i.HAL_Init)
    HAL_InitTick                             0x08002551   Thumb Code    54  stm32f1xx_hal.o(i.HAL_InitTick)
    HAL_MspInit                              0x08002591   Thumb Code    52  stm32f1xx_hal_msp.o(i.HAL_MspInit)
    HAL_NVIC_EnableIRQ                       0x080025cd   Thumb Code    26  stm32f1xx_hal_cortex.o(i.HAL_NVIC_EnableIRQ)
    HAL_NVIC_SetPriority                     0x080025e9   Thumb Code    60  stm32f1xx_hal_cortex.o(i.HAL_NVIC_SetPriority)
    HAL_NVIC_SetPriorityGrouping             0x08002629   Thumb Code    26  stm32f1xx_hal_cortex.o(i.HAL_NVIC_SetPriorityGrouping)
    HAL_PRINTF                               0x0800264d   Thumb Code    54  main.o(i.HAL_PRINTF)
    HAL_RCCEx_PeriphCLKConfig                0x08002689   Thumb Code   224  stm32f1xx_hal_rcc_ex.o(i.HAL_RCCEx_PeriphCLKConfig)
    HAL_RCC_ClockConfig                      0x08002775   Thumb Code   280  stm32f1xx_hal_rcc.o(i.HAL_RCC_ClockConfig)
    HAL_RCC_GetPCLK1Freq                     0x080028a1   Thumb Code    20  stm32f1xx_hal_rcc.o(i.HAL_RCC_GetPCLK1Freq)
    HAL_RCC_GetPCLK2Freq                     0x080028c1   Thumb Code    20  stm32f1xx_hal_rcc.o(i.HAL_RCC_GetPCLK2Freq)
    HAL_RCC_GetSysClockFreq                  0x080028e1   Thumb Code    58  stm32f1xx_hal_rcc.o(i.HAL_RCC_GetSysClockFreq)
    HAL_RCC_OscConfig                        0x0800292d   Thumb Code   778  stm32f1xx_hal_rcc.o(i.HAL_RCC_OscConfig)
    HAL_SYSTICK_Config                       0x08002c4d   Thumb Code    40  stm32f1xx_hal_cortex.o(i.HAL_SYSTICK_Config)
    HAL_UART_Init                            0x08002c75   Thumb Code   100  stm32f1xx_hal_uart.o(i.HAL_UART_Init)
    HAL_UART_MspInit                         0x08002cd9   Thumb Code   100  stm32f1xx_hal_msp.o(i.HAL_UART_MspInit)
    HAL_UART_Transmit                        0x08002d49   Thumb Code   160  stm32f1xx_hal_uart.o(i.HAL_UART_Transmit)
    HardFault_Handler                        0x08002de9   Thumb Code     2  stm32f1xx_it.o(i.HardFault_Handler)
    MAP                                      0x08002deb   Thumb Code    20  main.o(i.MAP)
    MemManage_Handler                        0x08002f8d   Thumb Code     2  stm32f1xx_it.o(i.MemManage_Handler)
    NMI_Handler                              0x08002f8f   Thumb Code     2  stm32f1xx_it.o(i.NMI_Handler)
    PendSV_Handler                           0x08002f91   Thumb Code     2  stm32f1xx_it.o(i.PendSV_Handler)
    SVC_Handler                              0x08002f93   Thumb Code     2  stm32f1xx_it.o(i.SVC_Handler)
    SysTick_Handler                          0x08002f95   Thumb Code     4  stm32f1xx_it.o(i.SysTick_Handler)
    SystemClock_Config                       0x08002f99   Thumb Code   120  main.o(i.SystemClock_Config)
    SystemInit                               0x08003011   Thumb Code     2  system_stm32f1xx.o(i.SystemInit)
    UsageFault_Handler                       0x0800318b   Thumb Code     2  stm32f1xx_it.o(i.UsageFault_Handler)
    __ARM_fpclassify                         0x0800318d   Thumb Code    40  fpclassify.o(i.__ARM_fpclassify)
    __kernel_poly                            0x080031d5   Thumb Code   170  poly.o(i.__kernel_poly)
    __mathlib_dbl_infnan                     0x0800327f   Thumb Code     6  dunder.o(i.__mathlib_dbl_infnan)
    __mathlib_dbl_infnan2                    0x08003285   Thumb Code     4  dunder.o(i.__mathlib_dbl_infnan2)
    __mathlib_dbl_underflow                  0x08003289   Thumb Code    10  dunder.o(i.__mathlib_dbl_underflow)
    _is_digit                                0x08003299   Thumb Code    14  __printf_wp.o(i._is_digit)
    atan                                     0x080032a9   Thumb Code   474  atan.o(i.atan)
    atan2                                    0x080034c9   Thumb Code   346  atan2.o(i.atan2)
    calculate_joystick_angle                 0x08003649   Thumb Code    94  main.o(i.calculate_joystick_angle)
    control_bluetooth                        0x080036b1   Thumb Code   184  main.o(i.control_bluetooth)
    control_led_horn                         0x08003791   Thumb Code   108  main.o(i.control_led_horn)
    main                                     0x08003815   Thumb Code   114  main.o(i.main)
    read_button                              0x08003895   Thumb Code   122  main.o(i.read_button)
    read_joy                                 0x08003929   Thumb Code   144  main.o(i.read_joy)
    sqrt                                     0x080039c1   Thumb Code    76  sqrt.o(i.sqrt)
    updateEstimate                           0x08003a0d   Thumb Code   160  kalman.o(i.updateEstimate)
    _get_lc_numeric                          0x08003ab5   Thumb Code    44  lc_numeric_c.o(locale$$code)
    _get_lc_ctype                            0x08003ae1   Thumb Code    44  lc_ctype_c.o(locale$$code)
    __aeabi_d2f                              0x08003b0d   Thumb Code     0  d2f.o(x$fpl$d2f)
    _d2f                                     0x08003b0d   Thumb Code    98  d2f.o(x$fpl$d2f)
    __aeabi_dadd                             0x08003b71   Thumb Code     0  daddsub_clz.o(x$fpl$dadd)
    _dadd                                    0x08003b71   Thumb Code   332  daddsub_clz.o(x$fpl$dadd)
    __fpl_dcheck_NaN1                        0x08003cc1   Thumb Code    10  dcheck1.o(x$fpl$dcheck1)
    __aeabi_ddiv                             0x08003cd1   Thumb Code     0  ddiv.o(x$fpl$ddiv)
    _ddiv                                    0x08003cd1   Thumb Code   552  ddiv.o(x$fpl$ddiv)
    __aeabi_d2iz                             0x08003f81   Thumb Code     0  dfix.o(x$fpl$dfix)
    _dfix                                    0x08003f81   Thumb Code    94  dfix.o(x$fpl$dfix)
    __aeabi_i2d                              0x08003fdf   Thumb Code     0  dflt_clz.o(x$fpl$dflt)
    _dflt                                    0x08003fdf   Thumb Code    46  dflt_clz.o(x$fpl$dflt)
    __aeabi_dmul                             0x0800400d   Thumb Code     0  dmul.o(x$fpl$dmul)
    _dmul                                    0x0800400d   Thumb Code   332  dmul.o(x$fpl$dmul)
    __fpl_dnaninf                            0x08004161   Thumb Code   156  dnaninf.o(x$fpl$dnaninf)
    __fpl_dretinf                            0x080041fd   Thumb Code    12  dretinf.o(x$fpl$dretinf)
    __aeabi_drsub                            0x08004209   Thumb Code     0  daddsub_clz.o(x$fpl$drsb)
    _drsb                                    0x08004209   Thumb Code    22  daddsub_clz.o(x$fpl$drsb)
    _dsqrt                                   0x08004221   Thumb Code   456  dsqrt_noumaal.o(x$fpl$dsqrt)
    __aeabi_dsub                             0x080043ed   Thumb Code     0  daddsub_clz.o(x$fpl$dsub)
    _dsub                                    0x080043ed   Thumb Code   464  daddsub_clz.o(x$fpl$dsub)
    __aeabi_f2d                              0x080045c1   Thumb Code     0  f2d.o(x$fpl$f2d)
    _f2d                                     0x080045c1   Thumb Code    86  f2d.o(x$fpl$f2d)
    __aeabi_fadd                             0x08004619   Thumb Code     0  faddsub_clz.o(x$fpl$fadd)
    _fadd                                    0x08004619   Thumb Code   196  faddsub_clz.o(x$fpl$fadd)
    __aeabi_fdiv                             0x080046dd   Thumb Code     0  fdiv.o(x$fpl$fdiv)
    _fdiv                                    0x080046dd   Thumb Code   384  fdiv.o(x$fpl$fdiv)
    __aeabi_f2uiz                            0x08004861   Thumb Code     0  ffixu.o(x$fpl$ffixu)
    _ffixu                                   0x08004861   Thumb Code    62  ffixu.o(x$fpl$ffixu)
    __aeabi_ui2f                             0x080048a1   Thumb Code     0  fflt_clz.o(x$fpl$ffltu)
    _ffltu                                   0x080048a1   Thumb Code    38  fflt_clz.o(x$fpl$ffltu)
    __aeabi_fmul                             0x080048c9   Thumb Code     0  fmul.o(x$fpl$fmul)
    _fmul                                    0x080048c9   Thumb Code   258  fmul.o(x$fpl$fmul)
    __fpl_fnaninf                            0x080049cb   Thumb Code   140  fnaninf.o(x$fpl$fnaninf)
    __fpl_fretinf                            0x08004a57   Thumb Code    10  fretinf.o(x$fpl$fretinf)
    __aeabi_fsub                             0x08004a61   Thumb Code     0  faddsub_clz.o(x$fpl$fsub)
    _fsub                                    0x08004a61   Thumb Code   234  faddsub_clz.o(x$fpl$fsub)
    _printf_fp_dec                           0x08004b4b   Thumb Code     4  printf1.o(x$fpl$printf1)
    _printf_fp_hex                           0x08004b4f   Thumb Code     4  printf2.o(x$fpl$printf2)
    __fpl_return_NaN                         0x08004b53   Thumb Code   100  retnan.o(x$fpl$retnan)
    __ARM_scalbn                             0x08004bb7   Thumb Code    92  scalbn.o(x$fpl$scalbn)
    __fpl_cmpreturn                          0x08004c13   Thumb Code    48  trapv.o(x$fpl$trapveneer)
    __I$use$fp                               0x08004c42   Number         0  usenofp.o(x$fpl$usenofp)
    AHBPrescTable                            0x08004c54   Data          16  system_stm32f1xx.o(.constdata)
    APBPrescTable                            0x08004c64   Data           8  system_stm32f1xx.o(.constdata)
    __mathlib_zero                           0x08004d48   Data           8  qnan.o(.constdata)
    Region$$Table$$Base                      0x08004e0c   Number         0  anon$$obj.o(Region$$Table)
    Region$$Table$$Limit                     0x08004e2c   Number         0  anon$$obj.o(Region$$Table)
    __ctype                                  0x08004e55   Data           0  lc_ctype_c.o(locale$$data)
    _err_measure                             0x20000000   Data           4  kalman.o(.data)
    _err_estimate                            0x20000004   Data           4  kalman.o(.data)
    _q                                       0x20000008   Data           4  kalman.o(.data)
    _current_estimate                        0x2000000c   Data           4  kalman.o(.data)
    _last_estimate                           0x20000010   Data           4  kalman.o(.data)
    _kalman_gain                             0x20000014   Data           4  kalman.o(.data)
    count                                    0x20000018   Data           1  main.o(.data)
    count1                                   0x20000019   Data           1  main.o(.data)
    count2                                   0x2000001a   Data           1  main.o(.data)
    count3                                   0x2000001b   Data           1  main.o(.data)
    M_PI                                     0x20000038   Data           8  main.o(.data)
    uwTickFreq                               0x20000048   Data           1  stm32f1xx_hal.o(.data)
    uwTickPrio                               0x2000004c   Data           4  stm32f1xx_hal.o(.data)
    uwTick                                   0x20000050   Data           4  stm32f1xx_hal.o(.data)
    SystemCoreClock                          0x20000054   Data           4  system_stm32f1xx.o(.data)
    hadc1                                    0x20000058   Data          48  main.o(.bss)
    huart3                                   0x20000088   Data          72  main.o(.bss)
    buff                                     0x200000e0   Data          40  main.o(.bss)
    hdma_adc1                                0x20000108   Data          68  main.o(.bss)
    __libspace_start                         0x2000014c   Data          96  libspace.o(.bss)
    __temporary_stack_top$libspace           0x200001ac   Data           0  libspace.o(.bss)



==============================================================================

Memory Map of the image

  Image Entry point : 0x080000ed

  Load Region LR_IROM1 (Base: 0x08000000, Size: 0x00004fb0, Max: 0x00010000, ABSOLUTE)

    Execution Region ER_IROM1 (Base: 0x08000000, Size: 0x00004f58, Max: 0x00010000, ABSOLUTE)

    Base Addr    Size         Type   Attr      Idx    E Section Name        Object

    0x08000000   0x000000ec   Data   RO            3    RESET               startup_stm32f103xb.o
    0x080000ec   0x00000008   Code   RO         2101  * !!!main             c_w.l(__main.o)
    0x080000f4   0x00000034   Code   RO         2544    !!!scatter          c_w.l(__scatter.o)
    0x08000128   0x0000001a   Code   RO         2546    !!handler_copy      c_w.l(__scatter_copy.o)
    0x08000142   0x00000002   PAD
    0x08000144   0x0000001c   Code   RO         2548    !!handler_zi        c_w.l(__scatter_zi.o)
    0x08000160   0x00000000   Code   RO         2253    .ARM.Collect$$_printf_percent$$00000000  c_w.l(_printf_percent.o)
    0x08000160   0x00000006   Code   RO         2242    .ARM.Collect$$_printf_percent$$00000001  c_w.l(_printf_n.o)
    0x08000166   0x00000006   Code   RO         2244    .ARM.Collect$$_printf_percent$$00000002  c_w.l(_printf_p.o)
    0x0800016c   0x00000006   Code   RO         2249    .ARM.Collect$$_printf_percent$$00000003  c_w.l(_printf_f.o)
    0x08000172   0x00000006   Code   RO         2250    .ARM.Collect$$_printf_percent$$00000004  c_w.l(_printf_e.o)
    0x08000178   0x00000006   Code   RO         2251    .ARM.Collect$$_printf_percent$$00000005  c_w.l(_printf_g.o)
    0x0800017e   0x00000006   Code   RO         2252    .ARM.Collect$$_printf_percent$$00000006  c_w.l(_printf_a.o)
    0x08000184   0x0000000a   Code   RO         2257    .ARM.Collect$$_printf_percent$$00000007  c_w.l(_printf_ll.o)
    0x0800018e   0x00000006   Code   RO         2246    .ARM.Collect$$_printf_percent$$00000008  c_w.l(_printf_i.o)
    0x08000194   0x00000006   Code   RO         2247    .ARM.Collect$$_printf_percent$$00000009  c_w.l(_printf_d.o)
    0x0800019a   0x00000006   Code   RO         2248    .ARM.Collect$$_printf_percent$$0000000A  c_w.l(_printf_u.o)
    0x080001a0   0x00000006   Code   RO         2245    .ARM.Collect$$_printf_percent$$0000000B  c_w.l(_printf_o.o)
    0x080001a6   0x00000006   Code   RO         2243    .ARM.Collect$$_printf_percent$$0000000C  c_w.l(_printf_x.o)
    0x080001ac   0x00000006   Code   RO         2254    .ARM.Collect$$_printf_percent$$0000000D  c_w.l(_printf_lli.o)
    0x080001b2   0x00000006   Code   RO         2255    .ARM.Collect$$_printf_percent$$0000000E  c_w.l(_printf_lld.o)
    0x080001b8   0x00000006   Code   RO         2256    .ARM.Collect$$_printf_percent$$0000000F  c_w.l(_printf_llu.o)
    0x080001be   0x00000006   Code   RO         2261    .ARM.Collect$$_printf_percent$$00000010  c_w.l(_printf_llo.o)
    0x080001c4   0x00000006   Code   RO         2262    .ARM.Collect$$_printf_percent$$00000011  c_w.l(_printf_llx.o)
    0x080001ca   0x0000000a   Code   RO         2258    .ARM.Collect$$_printf_percent$$00000012  c_w.l(_printf_l.o)
    0x080001d4   0x00000006   Code   RO         2240    .ARM.Collect$$_printf_percent$$00000013  c_w.l(_printf_c.o)
    0x080001da   0x00000006   Code   RO         2241    .ARM.Collect$$_printf_percent$$00000014  c_w.l(_printf_s.o)
    0x080001e0   0x00000006   Code   RO         2259    .ARM.Collect$$_printf_percent$$00000015  c_w.l(_printf_lc.o)
    0x080001e6   0x00000006   Code   RO         2260    .ARM.Collect$$_printf_percent$$00000016  c_w.l(_printf_ls.o)
    0x080001ec   0x00000004   Code   RO         2344    .ARM.Collect$$_printf_percent$$00000017  c_w.l(_printf_percent_end.o)
    0x080001f0   0x00000002   Code   RO         2404    .ARM.Collect$$libinit$$00000000  c_w.l(libinit.o)
    0x080001f2   0x00000000   Code   RO         2417    .ARM.Collect$$libinit$$00000002  c_w.l(libinit2.o)
    0x080001f2   0x00000000   Code   RO         2419    .ARM.Collect$$libinit$$00000004  c_w.l(libinit2.o)
    0x080001f2   0x00000000   Code   RO         2422    .ARM.Collect$$libinit$$0000000A  c_w.l(libinit2.o)
    0x080001f2   0x00000000   Code   RO         2424    .ARM.Collect$$libinit$$0000000C  c_w.l(libinit2.o)
    0x080001f2   0x00000000   Code   RO         2426    .ARM.Collect$$libinit$$0000000E  c_w.l(libinit2.o)
    0x080001f2   0x00000006   Code   RO         2427    .ARM.Collect$$libinit$$0000000F  c_w.l(libinit2.o)
    0x080001f8   0x00000000   Code   RO         2429    .ARM.Collect$$libinit$$00000011  c_w.l(libinit2.o)
    0x080001f8   0x0000000c   Code   RO         2430    .ARM.Collect$$libinit$$00000012  c_w.l(libinit2.o)
    0x08000204   0x00000000   Code   RO         2431    .ARM.Collect$$libinit$$00000013  c_w.l(libinit2.o)
    0x08000204   0x00000000   Code   RO         2433    .ARM.Collect$$libinit$$00000015  c_w.l(libinit2.o)
    0x08000204   0x0000000a   Code   RO         2434    .ARM.Collect$$libinit$$00000016  c_w.l(libinit2.o)
    0x0800020e   0x00000000   Code   RO         2435    .ARM.Collect$$libinit$$00000017  c_w.l(libinit2.o)
    0x0800020e   0x00000000   Code   RO         2437    .ARM.Collect$$libinit$$00000019  c_w.l(libinit2.o)
    0x0800020e   0x00000000   Code   RO         2439    .ARM.Collect$$libinit$$0000001B  c_w.l(libinit2.o)
    0x0800020e   0x00000000   Code   RO         2441    .ARM.Collect$$libinit$$0000001D  c_w.l(libinit2.o)
    0x0800020e   0x00000000   Code   RO         2443    .ARM.Collect$$libinit$$0000001F  c_w.l(libinit2.o)
    0x0800020e   0x00000000   Code   RO         2445    .ARM.Collect$$libinit$$00000021  c_w.l(libinit2.o)
    0x0800020e   0x00000000   Code   RO         2447    .ARM.Collect$$libinit$$00000023  c_w.l(libinit2.o)
    0x0800020e   0x00000000   Code   RO         2449    .ARM.Collect$$libinit$$00000025  c_w.l(libinit2.o)
    0x0800020e   0x00000000   Code   RO         2453    .ARM.Collect$$libinit$$0000002C  c_w.l(libinit2.o)
    0x0800020e   0x00000000   Code   RO         2455    .ARM.Collect$$libinit$$0000002E  c_w.l(libinit2.o)
    0x0800020e   0x00000000   Code   RO         2457    .ARM.Collect$$libinit$$00000030  c_w.l(libinit2.o)
    0x0800020e   0x00000000   Code   RO         2459    .ARM.Collect$$libinit$$00000032  c_w.l(libinit2.o)
    0x0800020e   0x00000002   Code   RO         2460    .ARM.Collect$$libinit$$00000033  c_w.l(libinit2.o)
    0x08000210   0x00000002   Code   RO         2484    .ARM.Collect$$libshutdown$$00000000  c_w.l(libshutdown.o)
    0x08000212   0x00000000   Code   RO         2497    .ARM.Collect$$libshutdown$$00000002  c_w.l(libshutdown2.o)
    0x08000212   0x00000000   Code   RO         2499    .ARM.Collect$$libshutdown$$00000004  c_w.l(libshutdown2.o)
    0x08000212   0x00000000   Code   RO         2502    .ARM.Collect$$libshutdown$$00000007  c_w.l(libshutdown2.o)
    0x08000212   0x00000000   Code   RO         2505    .ARM.Collect$$libshutdown$$0000000A  c_w.l(libshutdown2.o)
    0x08000212   0x00000000   Code   RO         2507    .ARM.Collect$$libshutdown$$0000000C  c_w.l(libshutdown2.o)
    0x08000212   0x00000000   Code   RO         2510    .ARM.Collect$$libshutdown$$0000000F  c_w.l(libshutdown2.o)
    0x08000212   0x00000002   Code   RO         2511    .ARM.Collect$$libshutdown$$00000010  c_w.l(libshutdown2.o)
    0x08000214   0x00000000   Code   RO         2167    .ARM.Collect$$rtentry$$00000000  c_w.l(__rtentry.o)
    0x08000214   0x00000000   Code   RO         2310    .ARM.Collect$$rtentry$$00000002  c_w.l(__rtentry2.o)
    0x08000214   0x00000006   Code   RO         2322    .ARM.Collect$$rtentry$$00000004  c_w.l(__rtentry4.o)
    0x0800021a   0x00000000   Code   RO         2312    .ARM.Collect$$rtentry$$00000009  c_w.l(__rtentry2.o)
    0x0800021a   0x00000004   Code   RO         2313    .ARM.Collect$$rtentry$$0000000A  c_w.l(__rtentry2.o)
    0x0800021e   0x00000000   Code   RO         2315    .ARM.Collect$$rtentry$$0000000C  c_w.l(__rtentry2.o)
    0x0800021e   0x00000008   Code   RO         2316    .ARM.Collect$$rtentry$$0000000D  c_w.l(__rtentry2.o)
    0x08000226   0x00000002   Code   RO         2409    .ARM.Collect$$rtexit$$00000000  c_w.l(rtexit.o)
    0x08000228   0x00000000   Code   RO         2464    .ARM.Collect$$rtexit$$00000002  c_w.l(rtexit2.o)
    0x08000228   0x00000004   Code   RO         2465    .ARM.Collect$$rtexit$$00000003  c_w.l(rtexit2.o)
    0x0800022c   0x00000006   Code   RO         2466    .ARM.Collect$$rtexit$$00000004  c_w.l(rtexit2.o)
    0x08000232   0x00000002   PAD
    0x08000234   0x00000040   Code   RO            4    .text               startup_stm32f103xb.o
    0x08000274   0x00000034   Code   RO         2093    .text               c_w.l(vsnprintf.o)
    0x080002a8   0x0000003e   Code   RO         2095    .text               c_w.l(strlen.o)
    0x080002e6   0x0000004e   Code   RO         2097    .text               c_w.l(rt_memclr_w.o)
    0x08000334   0x00000006   Code   RO         2099    .text               c_w.l(heapauxi.o)
    0x0800033a   0x00000016   Code   RO         2168    .text               c_w.l(_rserrno.o)
    0x08000350   0x0000004e   Code   RO         2172    .text               c_w.l(_printf_pad.o)
    0x0800039e   0x00000024   Code   RO         2174    .text               c_w.l(_printf_truncate.o)
    0x080003c2   0x00000052   Code   RO         2176    .text               c_w.l(_printf_str.o)
    0x08000414   0x00000078   Code   RO         2178    .text               c_w.l(_printf_dec.o)
    0x0800048c   0x00000028   Code   RO         2180    .text               c_w.l(_printf_charcount.o)
    0x080004b4   0x00000030   Code   RO         2182    .text               c_w.l(_printf_char_common.o)
    0x080004e4   0x0000000a   Code   RO         2184    .text               c_w.l(_sputc.o)
    0x080004ee   0x00000010   Code   RO         2186    .text               c_w.l(_snputc.o)
    0x080004fe   0x00000002   PAD
    0x08000500   0x000000bc   Code   RO         2188    .text               c_w.l(_printf_wctomb.o)
    0x080005bc   0x0000007c   Code   RO         2191    .text               c_w.l(_printf_longlong_dec.o)
    0x08000638   0x00000070   Code   RO         2197    .text               c_w.l(_printf_oct_int_ll.o)
    0x080006a8   0x00000094   Code   RO         2217    .text               c_w.l(_printf_hex_int_ll_ptr.o)
    0x0800073c   0x00000188   Code   RO         2237    .text               c_w.l(__printf_flags_ss_wp.o)
    0x080008c4   0x00000008   Code   RO         2327    .text               c_w.l(rt_errno_addr_intlibspace.o)
    0x080008cc   0x0000008a   Code   RO         2329    .text               c_w.l(lludiv10.o)
    0x08000956   0x000000b2   Code   RO         2331    .text               c_w.l(_printf_intcommon.o)
    0x08000a08   0x0000041a   Code   RO         2333    .text               c_w.l(_printf_fp_dec.o)
    0x08000e22   0x00000002   PAD
    0x08000e24   0x000002fc   Code   RO         2335    .text               c_w.l(_printf_fp_hex.o)
    0x08001120   0x0000002c   Code   RO         2340    .text               c_w.l(_printf_char.o)
    0x0800114c   0x0000002c   Code   RO         2342    .text               c_w.l(_printf_wchar.o)
    0x08001178   0x00000040   Code   RO         2345    .text               c_w.l(_wcrtomb.o)
    0x080011b8   0x00000008   Code   RO         2355    .text               c_w.l(libspace.o)
    0x080011c0   0x0000004a   Code   RO         2358    .text               c_w.l(sys_stackheap_outer.o)
    0x0800120a   0x00000002   PAD
    0x0800120c   0x00000010   Code   RO         2360    .text               c_w.l(rt_ctype_table.o)
    0x0800121c   0x00000008   Code   RO         2365    .text               c_w.l(rt_locale_intlibspace.o)
    0x08001224   0x00000080   Code   RO         2367    .text               c_w.l(_printf_fp_infnan.o)
    0x080012a4   0x000000dc   Code   RO         2369    .text               c_w.l(bigflt0.o)
    0x08001380   0x00000012   Code   RO         2397    .text               c_w.l(exit.o)
    0x08001392   0x00000002   PAD
    0x08001394   0x00000080   Code   RO         2414    .text               c_w.l(strcmpv7m.o)
    0x08001414   0x0000000c   Code   RO         2476    .text               c_w.l(sys_exit.o)
    0x08001420   0x00000002   Code   RO         2487    .text               c_w.l(use_no_semi.o)
    0x08001422   0x00000000   Code   RO         2489    .text               c_w.l(indicate_semi.o)
    0x08001422   0x0000003e   Code   RO         2372    CL$$btod_d2e        c_w.l(btod.o)
    0x08001460   0x00000046   Code   RO         2374    CL$$btod_d2e_denorm_low  c_w.l(btod.o)
    0x080014a6   0x00000060   Code   RO         2373    CL$$btod_d2e_norm_op1  c_w.l(btod.o)
    0x08001506   0x00000338   Code   RO         2382    CL$$btod_div_common  c_w.l(btod.o)
    0x0800183e   0x000000c6   Code   RO         2379    CL$$btod_e2e        c_w.l(btod.o)
    0x08001904   0x00000028   Code   RO         2376    CL$$btod_ediv       c_w.l(btod.o)
    0x0800192c   0x00000028   Code   RO         2375    CL$$btod_emul       c_w.l(btod.o)
    0x08001954   0x00000244   Code   RO         2381    CL$$btod_mult_common  c_w.l(btod.o)
    0x08001b98   0x00000056   Code   RO          438    i.ADC_ConversionStop_Disable  stm32f1xx_hal_adc.o
    0x08001bee   0x0000004e   Code   RO          439    i.ADC_DMAConvCplt   stm32f1xx_hal_adc.o
    0x08001c3c   0x0000001a   Code   RO          440    i.ADC_DMAError      stm32f1xx_hal_adc.o
    0x08001c56   0x0000000a   Code   RO          441    i.ADC_DMAHalfConvCplt  stm32f1xx_hal_adc.o
    0x08001c60   0x0000007c   Code   RO          442    i.ADC_Enable        stm32f1xx_hal_adc.o
    0x08001cdc   0x00000002   Code   RO          271    i.BusFault_Handler  stm32f1xx_it.o
    0x08001cde   0x00000002   PAD
    0x08001ce0   0x0000000c   Code   RO          272    i.DMA1_Channel1_IRQHandler  stm32f1xx_it.o
    0x08001cec   0x0000002a   Code   RO         1094    i.DMA_SetConfig     stm32f1xx_hal_dma.o
    0x08001d16   0x00000002   Code   RO          273    i.DebugMon_Handler  stm32f1xx_it.o
    0x08001d18   0x00000004   Code   RO           75    i.Error_Handler     main.o
    0x08001d1c   0x000000fc   Code   RO          444    i.HAL_ADC_ConfigChannel  stm32f1xx_hal_adc.o
    0x08001e18   0x00000002   Code   RO          445    i.HAL_ADC_ConvCpltCallback  stm32f1xx_hal_adc.o
    0x08001e1a   0x00000002   Code   RO          446    i.HAL_ADC_ConvHalfCpltCallback  stm32f1xx_hal_adc.o
    0x08001e1c   0x00000002   Code   RO          448    i.HAL_ADC_ErrorCallback  stm32f1xx_hal_adc.o
    0x08001e1e   0x00000002   PAD
    0x08001e20   0x0000011c   Code   RO          453    i.HAL_ADC_Init      stm32f1xx_hal_adc.o
    0x08001f3c   0x00000090   Code   RO          354    i.HAL_ADC_MspInit   stm32f1xx_hal_msp.o
    0x08001fcc   0x0000010c   Code   RO          460    i.HAL_ADC_Start_DMA  stm32f1xx_hal_adc.o
    0x080020d8   0x00000154   Code   RO         1100    i.HAL_DMA_IRQHandler  stm32f1xx_hal_dma.o
    0x0800222c   0x0000005c   Code   RO         1101    i.HAL_DMA_Init      stm32f1xx_hal_dma.o
    0x08002288   0x00000070   Code   RO         1105    i.HAL_DMA_Start_IT  stm32f1xx_hal_dma.o
    0x080022f8   0x00000024   Code   RO          721    i.HAL_Delay         stm32f1xx_hal.o
    0x0800231c   0x000001e0   Code   RO         1031    i.HAL_GPIO_Init     stm32f1xx_hal_gpio.o
    0x080024fc   0x0000000a   Code   RO         1033    i.HAL_GPIO_ReadPin  stm32f1xx_hal_gpio.o
    0x08002506   0x0000000a   Code   RO         1035    i.HAL_GPIO_WritePin  stm32f1xx_hal_gpio.o
    0x08002510   0x0000000c   Code   RO          725    i.HAL_GetTick       stm32f1xx_hal.o
    0x0800251c   0x00000010   Code   RO          731    i.HAL_IncTick       stm32f1xx_hal.o
    0x0800252c   0x00000024   Code   RO          732    i.HAL_Init          stm32f1xx_hal.o
    0x08002550   0x00000040   Code   RO          733    i.HAL_InitTick      stm32f1xx_hal.o
    0x08002590   0x0000003c   Code   RO          355    i.HAL_MspInit       stm32f1xx_hal_msp.o
    0x080025cc   0x0000001a   Code   RO         1191    i.HAL_NVIC_EnableIRQ  stm32f1xx_hal_cortex.o
    0x080025e6   0x00000002   PAD
    0x080025e8   0x00000040   Code   RO         1197    i.HAL_NVIC_SetPriority  stm32f1xx_hal_cortex.o
    0x08002628   0x00000024   Code   RO         1198    i.HAL_NVIC_SetPriorityGrouping  stm32f1xx_hal_cortex.o
    0x0800264c   0x0000003c   Code   RO           76    i.HAL_PRINTF        main.o
    0x08002688   0x000000ec   Code   RO          993    i.HAL_RCCEx_PeriphCLKConfig  stm32f1xx_hal_rcc_ex.o
    0x08002774   0x0000012c   Code   RO          889    i.HAL_RCC_ClockConfig  stm32f1xx_hal_rcc.o
    0x080028a0   0x00000020   Code   RO          896    i.HAL_RCC_GetPCLK1Freq  stm32f1xx_hal_rcc.o
    0x080028c0   0x00000020   Code   RO          897    i.HAL_RCC_GetPCLK2Freq  stm32f1xx_hal_rcc.o
    0x080028e0   0x0000004c   Code   RO          898    i.HAL_RCC_GetSysClockFreq  stm32f1xx_hal_rcc.o
    0x0800292c   0x00000320   Code   RO          901    i.HAL_RCC_OscConfig  stm32f1xx_hal_rcc.o
    0x08002c4c   0x00000028   Code   RO         1202    i.HAL_SYSTICK_Config  stm32f1xx_hal_cortex.o
    0x08002c74   0x00000064   Code   RO         1721    i.HAL_UART_Init     stm32f1xx_hal_uart.o
    0x08002cd8   0x00000070   Code   RO          357    i.HAL_UART_MspInit  stm32f1xx_hal_msp.o
    0x08002d48   0x000000a0   Code   RO         1729    i.HAL_UART_Transmit  stm32f1xx_hal_uart.o
    0x08002de8   0x00000002   Code   RO          274    i.HardFault_Handler  stm32f1xx_it.o
    0x08002dea   0x00000014   Code   RO           77    i.MAP               main.o
    0x08002dfe   0x00000002   PAD
    0x08002e00   0x0000008c   Code   RO           78    i.MX_ADC1_Init      main.o
    0x08002e8c   0x00000100   Code   RO           79    i.MX_GPIO_Init      main.o
    0x08002f8c   0x00000002   Code   RO          275    i.MemManage_Handler  stm32f1xx_it.o
    0x08002f8e   0x00000002   Code   RO          276    i.NMI_Handler       stm32f1xx_it.o
    0x08002f90   0x00000002   Code   RO          277    i.PendSV_Handler    stm32f1xx_it.o
    0x08002f92   0x00000002   Code   RO          278    i.SVC_Handler       stm32f1xx_it.o
    0x08002f94   0x00000004   Code   RO          279    i.SysTick_Handler   stm32f1xx_it.o
    0x08002f98   0x00000078   Code   RO           80    i.SystemClock_Config  main.o
    0x08003010   0x00000002   Code   RO         2055    i.SystemInit        system_stm32f1xx.o
    0x08003012   0x0000004e   Code   RO         1744    i.UART_EndRxTransfer  stm32f1xx_hal_uart.o
    0x08003060   0x000000b8   Code   RO         1747    i.UART_SetConfig    stm32f1xx_hal_uart.o
    0x08003118   0x00000072   Code   RO         1750    i.UART_WaitOnFlagUntilTimeout  stm32f1xx_hal_uart.o
    0x0800318a   0x00000002   Code   RO          280    i.UsageFault_Handler  stm32f1xx_it.o
    0x0800318c   0x00000028   Code   RO         2351    i.__ARM_fpclassify  m_ws.l(fpclassify.o)
    0x080031b4   0x00000020   Code   RO         1204    i.__NVIC_SetPriority  stm32f1xx_hal_cortex.o
    0x080031d4   0x000000aa   Code   RO         2353    i.__kernel_poly     m_ws.l(poly.o)
    0x0800327e   0x00000006   Code   RO         2295    i.__mathlib_dbl_infnan  m_ws.l(dunder.o)
    0x08003284   0x00000004   Code   RO         2296    i.__mathlib_dbl_infnan2  m_ws.l(dunder.o)
    0x08003288   0x00000010   Code   RO         2300    i.__mathlib_dbl_underflow  m_ws.l(dunder.o)
    0x08003298   0x0000000e   Code   RO         2230    i._is_digit         c_w.l(__printf_wp.o)
    0x080032a6   0x00000002   PAD
    0x080032a8   0x00000220   Code   RO         2285    i.atan              m_ws.l(atan.o)
    0x080034c8   0x00000180   Code   RO         2152    i.atan2             m_ws.l(atan2.o)
    0x08003648   0x00000068   Code   RO           81    i.calculate_joystick_angle  main.o
    0x080036b0   0x000000e0   Code   RO           82    i.control_bluetooth  main.o
    0x08003790   0x00000084   Code   RO           83    i.control_led_horn  main.o
    0x08003814   0x00000080   Code   RO           84    i.main              main.o
    0x08003894   0x00000094   Code   RO           85    i.read_button       main.o
    0x08003928   0x00000098   Code   RO           86    i.read_joy          main.o
    0x080039c0   0x0000004c   Code   RO         2160    i.sqrt              m_ws.l(sqrt.o)
    0x08003a0c   0x000000a8   Code   RO           16    i.updateEstimate    kalman.o
    0x08003ab4   0x0000002c   Code   RO         2395    locale$$code        c_w.l(lc_numeric_c.o)
    0x08003ae0   0x0000002c   Code   RO         2412    locale$$code        c_w.l(lc_ctype_c.o)
    0x08003b0c   0x00000062   Code   RO         2103    x$fpl$d2f           fz_ws.l(d2f.o)
    0x08003b6e   0x00000002   PAD
    0x08003b70   0x00000150   Code   RO         2105    x$fpl$dadd          fz_ws.l(daddsub_clz.o)
    0x08003cc0   0x00000010   Code   RO         2405    x$fpl$dcheck1       fz_ws.l(dcheck1.o)
    0x08003cd0   0x000002b0   Code   RO         2112    x$fpl$ddiv          fz_ws.l(ddiv.o)
    0x08003f80   0x0000005e   Code   RO         2115    x$fpl$dfix          fz_ws.l(dfix.o)
    0x08003fde   0x0000002e   Code   RO         2120    x$fpl$dflt          fz_ws.l(dflt_clz.o)
    0x0800400c   0x00000154   Code   RO         2125    x$fpl$dmul          fz_ws.l(dmul.o)
    0x08004160   0x0000009c   Code   RO         2265    x$fpl$dnaninf       fz_ws.l(dnaninf.o)
    0x080041fc   0x0000000c   Code   RO         2267    x$fpl$dretinf       fz_ws.l(dretinf.o)
    0x08004208   0x00000016   Code   RO         2106    x$fpl$drsb          fz_ws.l(daddsub_clz.o)
    0x0800421e   0x00000002   PAD
    0x08004220   0x000001cc   Code   RO         2269    x$fpl$dsqrt         fz_ws.l(dsqrt_noumaal.o)
    0x080043ec   0x000001d4   Code   RO         2107    x$fpl$dsub          fz_ws.l(daddsub_clz.o)
    0x080045c0   0x00000056   Code   RO         2127    x$fpl$f2d           fz_ws.l(f2d.o)
    0x08004616   0x00000002   PAD
    0x08004618   0x000000c4   Code   RO         2129    x$fpl$fadd          fz_ws.l(faddsub_clz.o)
    0x080046dc   0x00000184   Code   RO         2136    x$fpl$fdiv          fz_ws.l(fdiv.o)
    0x08004860   0x0000003e   Code   RO         2139    x$fpl$ffixu         fz_ws.l(ffixu.o)
    0x0800489e   0x00000002   PAD
    0x080048a0   0x00000026   Code   RO         2143    x$fpl$ffltu         fz_ws.l(fflt_clz.o)
    0x080048c6   0x00000002   PAD
    0x080048c8   0x00000102   Code   RO         2149    x$fpl$fmul          fz_ws.l(fmul.o)
    0x080049ca   0x0000008c   Code   RO         2271    x$fpl$fnaninf       fz_ws.l(fnaninf.o)
    0x08004a56   0x0000000a   Code   RO         2273    x$fpl$fretinf       fz_ws.l(fretinf.o)
    0x08004a60   0x000000ea   Code   RO         2131    x$fpl$fsub          fz_ws.l(faddsub_clz.o)
    0x08004b4a   0x00000004   Code   RO         2275    x$fpl$printf1       fz_ws.l(printf1.o)
    0x08004b4e   0x00000004   Code   RO         2277    x$fpl$printf2       fz_ws.l(printf2.o)
    0x08004b52   0x00000064   Code   RO         2461    x$fpl$retnan        fz_ws.l(retnan.o)
    0x08004bb6   0x0000005c   Code   RO         2349    x$fpl$scalbn        fz_ws.l(scalbn.o)
    0x08004c12   0x00000030   Code   RO         2474    x$fpl$trapveneer    fz_ws.l(trapv.o)
    0x08004c42   0x00000000   Code   RO         2283    x$fpl$usenofp       fz_ws.l(usenofp.o)
    0x08004c42   0x00000012   Data   RO          902    .constdata          stm32f1xx_hal_rcc.o
    0x08004c54   0x00000010   Data   RO         2056    .constdata          system_stm32f1xx.o
    0x08004c64   0x00000008   Data   RO         2057    .constdata          system_stm32f1xx.o
    0x08004c6c   0x00000008   Data   RO         2189    .constdata          c_w.l(_printf_wctomb.o)
    0x08004c74   0x00000028   Data   RO         2218    .constdata          c_w.l(_printf_hex_int_ll_ptr.o)
    0x08004c9c   0x00000011   Data   RO         2238    .constdata          c_w.l(__printf_flags_ss_wp.o)
    0x08004cad   0x00000003   PAD
    0x08004cb0   0x00000098   Data   RO         2286    .constdata          m_ws.l(atan.o)
    0x08004d48   0x00000008   Data   RO         2308    .constdata          m_ws.l(qnan.o)
    0x08004d50   0x00000026   Data   RO         2336    .constdata          c_w.l(_printf_fp_hex.o)
    0x08004d76   0x00000002   PAD
    0x08004d78   0x00000094   Data   RO         2370    .constdata          c_w.l(bigflt0.o)
    0x08004e0c   0x00000020   Data   RO         2542    Region$$Table       anon$$obj.o
    0x08004e2c   0x0000001c   Data   RO         2394    locale$$data        c_w.l(lc_numeric_c.o)
    0x08004e48   0x00000110   Data   RO         2411    locale$$data        c_w.l(lc_ctype_c.o)


    Execution Region RW_IRAM1 (Base: 0x20000000, Size: 0x000007b0, Max: 0x00005000, ABSOLUTE)

    Base Addr    Size         Type   Attr      Idx    E Section Name        Object

    0x20000000   0x00000018   Data   RW           17    .data               kalman.o
    0x20000018   0x00000030   Data   RW           89    .data               main.o
    0x20000048   0x0000000c   Data   RW          739    .data               stm32f1xx_hal.o
    0x20000054   0x00000004   Data   RW         2058    .data               system_stm32f1xx.o
    0x20000058   0x000000b0   Zero   RW           87    .bss                main.o
    0x20000108   0x00000044   Zero   RW           88    .bss                main.o
    0x2000014c   0x00000060   Zero   RW         2356    .bss                c_w.l(libspace.o)
    0x200001ac   0x00000004   PAD
    0x200001b0   0x00000200   Zero   RW            2    HEAP                startup_stm32f103xb.o
    0x200003b0   0x00000400   Zero   RW            1    STACK               startup_stm32f103xb.o


==============================================================================

Image component sizes


      Code (inc. data)   RO Data    RW Data    ZI Data      Debug   Object Name

       168          8          0         24          0       5567   kalman.o
      1488        152          0         48        244     413358   main.o
        64         26        236          0       1536        812   startup_stm32f103xb.o
       164         28          0         12          0       5921   stm32f1xx_hal.o
      1134         56          0          0          0       8558   stm32f1xx_hal_adc.o
       198         14          0          0          0      28963   stm32f1xx_hal_cortex.o
       586         32          0          0          0       3607   stm32f1xx_hal_dma.o
       500         34          0          0          0       3527   stm32f1xx_hal_gpio.o
       316         42          0          0          0       2367   stm32f1xx_hal_msp.o
      1240         84         18          0          0       5140   stm32f1xx_hal_rcc.o
       236         12          0          0          0       1388   stm32f1xx_hal_rcc_ex.o
       636          6          0          0          0       4652   stm32f1xx_hal_uart.o
        32          6          0          0          0       4353   stm32f1xx_it.o
         2          0         24          4          0       1127   system_stm32f1xx.o

    ----------------------------------------------------------------------
      6772        500        310         88       1780     489340   Object Totals
         0          0         32          0          0          0   (incl. Generated)
         8          0          0          0          0          0   (incl. Padding)

    ----------------------------------------------------------------------

      Code (inc. data)   RO Data    RW Data    ZI Data      Debug   Library Member Name

         8          0          0          0          0         68   __main.o
       392          4         17          0          0         92   __printf_flags_ss_wp.o
        14          0          0          0          0         68   __printf_wp.o
         0          0          0          0          0          0   __rtentry.o
        12          0          0          0          0          0   __rtentry2.o
         6          0          0          0          0          0   __rtentry4.o
        52          8          0          0          0          0   __scatter.o
        26          0          0          0          0          0   __scatter_copy.o
        28          0          0          0          0          0   __scatter_zi.o
         6          0          0          0          0          0   _printf_a.o
         6          0          0          0          0          0   _printf_c.o
        44          0          0          0          0        108   _printf_char.o
        48          6          0          0          0         96   _printf_char_common.o
        40          0          0          0          0         68   _printf_charcount.o
         6          0          0          0          0          0   _printf_d.o
       120         16          0          0          0         92   _printf_dec.o
         6          0          0          0          0          0   _printf_e.o
         6          0          0          0          0          0   _printf_f.o
      1050          0          0          0          0        216   _printf_fp_dec.o
       764         10         38          0          0        100   _printf_fp_hex.o
       128         16          0          0          0         84   _printf_fp_infnan.o
         6          0          0          0          0          0   _printf_g.o
       148          4         40          0          0        160   _printf_hex_int_ll_ptr.o
         6          0          0          0          0          0   _printf_i.o
       178          0          0          0          0         88   _printf_intcommon.o
        10          0          0          0          0          0   _printf_l.o
         6          0          0          0          0          0   _printf_lc.o
        10          0          0          0          0          0   _printf_ll.o
         6          0          0          0          0          0   _printf_lld.o
         6          0          0          0          0          0   _printf_lli.o
         6          0          0          0          0          0   _printf_llo.o
         6          0          0          0          0          0   _printf_llu.o
         6          0          0          0          0          0   _printf_llx.o
       124         16          0          0          0         92   _printf_longlong_dec.o
         6          0          0          0          0          0   _printf_ls.o
         6          0          0          0          0          0   _printf_n.o
         6          0          0          0          0          0   _printf_o.o
       112          8          0          0          0        124   _printf_oct_int_ll.o
         6          0          0          0          0          0   _printf_p.o
        78          0          0          0          0        108   _printf_pad.o
         0          0          0          0          0          0   _printf_percent.o
         4          0          0          0          0          0   _printf_percent_end.o
         6          0          0          0          0          0   _printf_s.o
        82          0          0          0          0         80   _printf_str.o
        36          0          0          0          0         84   _printf_truncate.o
         6          0          0          0          0          0   _printf_u.o
        44          0          0          0          0        108   _printf_wchar.o
       188          6          8          0          0         92   _printf_wctomb.o
         6          0          0          0          0          0   _printf_x.o
        22          0          0          0          0        100   _rserrno.o
        16          0          0          0          0         68   _snputc.o
        10          0          0          0          0         68   _sputc.o
        64          0          0          0          0         92   _wcrtomb.o
       220          4        148          0          0         96   bigflt0.o
      1910        128          0          0          0        672   btod.o
        18          0          0          0          0         80   exit.o
         6          0          0          0          0        152   heapauxi.o
         0          0          0          0          0          0   indicate_semi.o
        44         10        272          0          0         76   lc_ctype_c.o
        44         10         28          0          0         76   lc_numeric_c.o
         2          0          0          0          0          0   libinit.o
        30          0          0          0          0          0   libinit2.o
         2          0          0          0          0          0   libshutdown.o
         2          0          0          0          0          0   libshutdown2.o
         8          4          0          0         96         68   libspace.o
       138          0          0          0          0         80   lludiv10.o
        16          4          0          0          0         76   rt_ctype_table.o
         8          4          0          0          0         68   rt_errno_addr_intlibspace.o
         8          4          0          0          0         68   rt_locale_intlibspace.o
        78          0          0          0          0         80   rt_memclr_w.o
         2          0          0          0          0          0   rtexit.o
        10          0          0          0          0          0   rtexit2.o
       128          0          0          0          0         68   strcmpv7m.o
        62          0          0          0          0         76   strlen.o
        12          4          0          0          0         68   sys_exit.o
        74          0          0          0          0         80   sys_stackheap_outer.o
         2          0          0          0          0         68   use_no_semi.o
        52          4          0          0          0         80   vsnprintf.o
        98          4          0          0          0         92   d2f.o
       826         16          0          0          0        348   daddsub_clz.o
        16          4          0          0          0         68   dcheck1.o
       688        140          0          0          0        208   ddiv.o
        94          4          0          0          0         92   dfix.o
        46          0          0          0          0         68   dflt_clz.o
       340         12          0          0          0        104   dmul.o
       156          4          0          0          0         92   dnaninf.o
        12          0          0          0          0         68   dretinf.o
       460         56          0          0          0        120   dsqrt_noumaal.o
        86          4          0          0          0         84   f2d.o
       430          8          0          0          0        168   faddsub_clz.o
       388         76          0          0          0         96   fdiv.o
        62          4          0          0          0         84   ffixu.o
        38          0          0          0          0         68   fflt_clz.o
       258          4          0          0          0         84   fmul.o
       140          4          0          0          0         84   fnaninf.o
        10          0          0          0          0         68   fretinf.o
         4          0          0          0          0         68   printf1.o
         4          0          0          0          0         68   printf2.o
       100          0          0          0          0         68   retnan.o
        92          0          0          0          0         68   scalbn.o
        48          0          0          0          0         68   trapv.o
         0          0          0          0          0          0   usenofp.o
       544         70        152          0          0        124   atan.o
       384         38          0          0          0        144   atan2.o
        26          6          0          0          0        204   dunder.o
        40          0          0          0          0         68   fpclassify.o
       170          0          0          0          0         96   poly.o
         0          0          8          0          0          0   qnan.o
        76          0          0          0          0         84   sqrt.o

    ----------------------------------------------------------------------
     12514        724        716          0        100       7344   Library Totals
        24          0          5          0          4          0   (incl. Padding)

    ----------------------------------------------------------------------

      Code (inc. data)   RO Data    RW Data    ZI Data      Debug   Library Name

      6854        270        551          0         96       4288   c_w.l
      4396        340          0          0          0       2336   fz_ws.l
      1240        114        160          0          0        720   m_ws.l

    ----------------------------------------------------------------------
     12514        724        716          0        100       7344   Library Totals

    ----------------------------------------------------------------------

==============================================================================


      Code (inc. data)   RO Data    RW Data    ZI Data      Debug   

     19286       1224       1026         88       1880     489400   Grand Totals
     19286       1224       1026         88       1880     489400   ELF Image Totals
     19286       1224       1026         88          0          0   ROM Totals

==============================================================================

    Total RO  Size (Code + RO Data)                20312 (  19.84kB)
    Total RW  Size (RW Data + ZI Data)              1968 (   1.92kB)
    Total ROM Size (Code + RO Data + RW Data)      20400 (  19.92kB)

==============================================================================

