<html>
<body>
<pre>
<h1>�Vision Build Log</h1>
<h2>Tool Versions:</h2>
IDE-Version: �Vision V5.17.0.0
Copyright (C) 2015 ARM Ltd and ARM Germany GmbH. All rights reserved.
License Information: Logan LENOVO, Ngo, LIC=585FJ-U7M0P-637MB-2KZMN-8RH78-M5XFE
 
Tool Versions:
Toolchain:       MDK-ARM Standard  Version: 5.17
Toolchain Path:  D:\KeilC v5\ARM\ARMCC\Bin
C Compiler:      Armcc.exe V5.06 update 1 (build 61)
Assembler:       Armasm.exe V5.06 update 1 (build 61)
Linker/Locator:  ArmLink.exe V5.06 update 1 (build 61)
Library Manager: ArmAr.exe V5.06 update 1 (build 61)
Hex Converter:   FromElf.exe V5.06 update 1 (build 61)
CPU DLL:         SARMCM3.DLL V5.17
Dialog DLL:      DCM.DLL V1.13.4.0
Target DLL:      STLink\ST-LINKIII-KEIL_SWO.dll V2.0.18.0
Dialog DLL:      TCM.DLL V1.14.6.0
 
<h2>Project:</h2>
D:\STM32\some_projects_in_myfree_time\the_car_control\ver1\MDK-ARM\ver1.uvprojx
Project File Date:  04/22/2025

<h2>Output:</h2>
*** Using Compiler 'V5.06 update 1 (build 61)', folder: 'D:\KeilC v5\ARM\ARMCC\Bin'
Build target 'ver1'
compiling main.c...
../Core/Inc/kalman.h(9): warning:  #1295-D: Deprecated declaration getKalmanGain - give arg types
     float getKalmanGain();
../Core/Inc/kalman.h(10): warning:  #1295-D: Deprecated declaration getEstimateError - give arg types
     float getEstimateError();
../Core/Inc/kalman.h(25): warning:  #1-D: last line of file ends without a newline
   */
../Core/Src/main.c(92): warning:  #188-D: enumerated type mixed with another type
  	HAL_GPIO_WritePin(
PIOA, 
PIO_PIN_10, 1);
../Core/Src/main.c(93): warning:  #188-D: enumerated type mixed with another type
  	HAL_GPIO_WritePin(
PIOA, 
PIO_PIN_11, 0);
../Core/Src/main.c(94): warning:  #188-D: enumerated type mixed with another type
  	HAL_GPIO_WritePin(
PIOA, 
PIO_PIN_12, 0);
../Core/Src/main.c(95): warning:  #188-D: enumerated type mixed with another type
  	HAL_GPIO_WritePin(
PIOA, 
PIO_PIN_15, 1);	
../Core/Src/main.c(101): warning:  #188-D: enumerated type mixed with another type
  	HAL_GPIO_WritePin(
PIOA, 
PIO_PIN_10, 0);
../Core/Src/main.c(102): warning:  #188-D: enumerated type mixed with another type
  	HAL_GPIO_WritePin(
PIOA, 
PIO_PIN_11, 1);
../Core/Src/main.c(103): warning:  #188-D: enumerated type mixed with another type
  	HAL_GPIO_WritePin(
PIOA, 
PIO_PIN_12, 1);
../Core/Src/main.c(104): warning:  #188-D: enumerated type mixed with another type
  	HAL_GPIO_WritePin(
PIOA, 
PIO_PIN_15, 0);	
../Core/Src/main.c(110): warning:  #188-D: enumerated type mixed with another type
  	HAL_GPIO_WritePin(
PIOA, 
PIO_PIN_10, 1);
../Core/Src/main.c(111): warning:  #188-D: enumerated type mixed with another type
  	HAL_GPIO_WritePin(
PIOA, 
PIO_PIN_11, 0);
../Core/Src/main.c(112): warning:  #188-D: enumerated type mixed with another type
  	HAL_GPIO_WritePin(
PIOA, 
PIO_PIN_12, 1);
../Core/Src/main.c(113): warning:  #188-D: enumerated type mixed with another type
  	HAL_GPIO_WritePin(
PIOA, 
PIO_PIN_15, 0);	
../Core/Src/main.c(119): warning:  #188-D: enumerated type mixed with another type
  	HAL_GPIO_WritePin(
PIOA, 
PIO_PIN_10, 0);
../Core/Src/main.c(120): warning:  #188-D: enumerated type mixed with another type
  	HAL_GPIO_WritePin(
PIOA, 
PIO_PIN_11, 1);
../Core/Src/main.c(121): warning:  #188-D: enumerated type mixed with another type
  	HAL_GPIO_WritePin(
PIOA, 
PIO_PIN_12, 0);
../Core/Src/main.c(122): warning:  #188-D: enumerated type mixed with another type
  	HAL_GPIO_WritePin(
PIOA, 
PIO_PIN_15, 1);	
../Core/Src/main.c(129): warning:  #188-D: enumerated type mixed with another type
      HAL_GPIO_WritePin(
PIOA, 
PIO_PIN_10, 1);         // Trái tiến
../Core/Src/main.c(130): warning:  #188-D: enumerated type mixed with another type
      HAL_GPIO_WritePin(
PIOA, 
PIO_PIN_11, 0);
../Core/Src/main.c(131): warning:  #188-D: enumerated type mixed with another type
      HAL_GPIO_WritePin(
PIOA, 
PIO_PIN_12, 1);         // Phải tiến
../Core/Src/main.c(132): warning:  #188-D: enumerated type mixed with another type
      HAL_GPIO_WritePin(
PIOA, 
PIO_PIN_15, 0);
../Core/Src/main.c(139): warning:  #188-D: enumerated type mixed with another type
      HAL_GPIO_WritePin(
PIOA, 
PIO_PIN_10, 1);         // Trái tiến
../Core/Src/main.c(140): warning:  #188-D: enumerated type mixed with another type
      HAL_GPIO_WritePin(
PIOA, 
PIO_PIN_11, 0);
../Core/Src/main.c(141): warning:  #188-D: enumerated type mixed with another type
      HAL_GPIO_WritePin(
PIOA, 
PIO_PIN_12, 1);         // Phải tiến
../Core/Src/main.c(142): warning:  #188-D: enumerated type mixed with another type
      HAL_GPIO_WritePin(
PIOA, 
PIO_PIN_15, 0);
../Core/Src/main.c(149): warning:  #188-D: enumerated type mixed with another type
      HAL_GPIO_WritePin(
PIOA, 
PIO_PIN_10, 0);         // Trái lùi
../Core/Src/main.c(150): warning:  #188-D: enumerated type mixed with another type
      HAL_GPIO_WritePin(
PIOA, 
PIO_PIN_11, 1);
../Core/Src/main.c(151): warning:  #188-D: enumerated type mixed with another type
      HAL_GPIO_WritePin(
PIOA, 
PIO_PIN_12, 0);         // Phải lùi
../Core/Src/main.c(152): warning:  #188-D: enumerated type mixed with another type
      HAL_GPIO_WritePin(
PIOA, 
PIO_PIN_15, 1);
../Core/Src/main.c(159): warning:  #188-D: enumerated type mixed with another type
      HAL_GPIO_WritePin(
PIOA, 
PIO_PIN_10, 0);         // Trái lùi
../Core/Src/main.c(160): warning:  #188-D: enumerated type mixed with another type
      HAL_GPIO_WritePin(
PIOA, 
PIO_PIN_11, 1);
../Core/Src/main.c(161): warning:  #188-D: enumerated type mixed with another type
      HAL_GPIO_WritePin(
PIOA, 
PIO_PIN_12, 0);         // Phải lùi
../Core/Src/main.c(162): warning:  #188-D: enumerated type mixed with another type
      HAL_GPIO_WritePin(
PIOA, 
PIO_PIN_15, 1);
../Core/Src/main.c(167): warning:  #188-D: enumerated type mixed with another type
  		HAL_GPIO_WritePin(
PIOA, 
PIO_PIN_3, 1);
../Core/Src/main.c(169): warning:  #188-D: enumerated type mixed with another type
  		HAL_GPIO_WritePin(
PIOA, 
PIO_PIN_3, 0);
../Core/Src/main.c(175): warning:  #188-D: enumerated type mixed with another type
  		HAL_GPIO_WritePin(
PIOB, 
PIO_PIN_0, 1);
../Core/Src/main.c(177): warning:  #188-D: enumerated type mixed with another type
  		HAL_GPIO_WritePin(
PIOB, 
PIO_PIN_0, 0);
../Core/Src/main.c(183): warning:  #188-D: enumerated type mixed with another type
  		HAL_GPIO_WritePin(
PIOA, 
PIO_PIN_3, 1);
../Core/Src/main.c(184): warning:  #188-D: enumerated type mixed with another type
  		HAL_GPIO_WritePin(
PIOA, 
PIO_PIN_4, 1);
../Core/Src/main.c(185): warning:  #188-D: enumerated type mixed with another type
  		HAL_GPIO_WritePin(
PIOA, 
PIO_PIN_5, 1);
../Core/Src/main.c(186): warning:  #188-D: enumerated type mixed with another type
  		HAL_GPIO_WritePin(
PIOA, 
PIO_PIN_6, 1);
../Core/Src/main.c(187): warning:  #188-D: enumerated type mixed with another type
  		HAL_GPIO_WritePin(
PIOA, 
PIO_PIN_7, 1);
../Core/Src/main.c(188): warning:  #188-D: enumerated type mixed with another type
  		HAL_GPIO_WritePin(
PIOB, 
PIO_PIN_0, 1);
../Core/Src/main.c(190): warning:  #188-D: enumerated type mixed with another type
  		HAL_GPIO_WritePin(
PIOA, 
PIO_PIN_3, 0);
../Core/Src/main.c(191): warning:  #188-D: enumerated type mixed with another type
  		HAL_GPIO_WritePin(
PIOA, 
PIO_PIN_4, 0);
../Core/Src/main.c(192): warning:  #188-D: enumerated type mixed with another type
  		HAL_GPIO_WritePin(
PIOA, 
PIO_PIN_5, 0);
../Core/Src/main.c(193): warning:  #188-D: enumerated type mixed with another type
  		HAL_GPIO_WritePin(
PIOA, 
PIO_PIN_6, 0);
../Core/Src/main.c(194): warning:  #188-D: enumerated type mixed with another type
  		HAL_GPIO_WritePin(
PIOA, 
PIO_PIN_7, 0);
../Core/Src/main.c(195): warning:  #188-D: enumerated type mixed with another type
  		HAL_GPIO_WritePin(
PIOB, 
PIO_PIN_0, 0);		
../Core/Src/main.c(201): warning:  #188-D: enumerated type mixed with another type
  		HAL_GPIO_WritePin(
PIOA, 
PIO_PIN_0, 1);
../Core/Src/main.c(203): warning:  #188-D: enumerated type mixed with another type
  		HAL_GPIO_WritePin(
PIOA, 
PIO_PIN_0, 0);
../Core/Src/main.c(210): warning:  #188-D: enumerated type mixed with another type
      HAL_GPIO_WritePin(
PIOA, 
PIO_PIN_10, 0);  // Động cơ phải tiến
../Core/Src/main.c(211): warning:  #188-D: enumerated type mixed with another type
      HAL_GPIO_WritePin(
PIOA, 
PIO_PIN_11, 0);
../Core/Src/main.c(212): warning:  #188-D: enumerated type mixed with another type
      HAL_GPIO_WritePin(
PIOA, 
PIO_PIN_12, 0);  // Động cơ trái tiến
../Core/Src/main.c(213): warning:  #188-D: enumerated type mixed with another type
      HAL_GPIO_WritePin(
PIOA, 
PIO_PIN_15, 0);
../Core/Src/main.c(283): warning:  #188-D: enumerated type mixed with another type
  	HAL_GPIO_WritePin(
RIGGER_PORT, 
RIGGER_PIN, 1);
../Core/Src/main.c(285): warning:  #188-D: enumerated type mixed with another type
  	HAL_GPIO_WritePin(
RIGGER_PORT, 
RIGGER_PIN, 0);
../Core/Src/main.c(348): warning:  #188-D: enumerated type mixed with another type
  	HAL_GPIO_WritePin(
PIOA, 
PIO_PIN_1, 1);
../Core/Src/main.c: 60 warnings, 0 errors
linking...
Program Size: Code=7828 RO-data=312 RW-data=48 ZI-data=1888  
FromELF: creating hex file...
"ver1\ver1.axf" - 0 Error(s), 60 Warning(s).

<h2>Software Packages used:</h2>

Package Vendor: ARM
                http://www.keil.com/pack/ARM.CMSIS.4.5.0.pack
                ARM::CMSIS:CORE:4.3.0
                CMSIS (Cortex Microcontroller Software Interface Standard)
   * Component: CORE Version: 4.3.0

<h2>Collection of Component include folders:</h2>
  D:\STM32\some_projects_in_myfree_time\the_car_control\ver1\MDK-ARM\RTE
  D:\KeilC v5\ARM\PACK\ARM\CMSIS\4.5.0\CMSIS\Include
  D:\KeilC v5\ARM\PACK\Keil\STM32F1xx_DFP\2.4.1\Device\Include

<h2>Collection of Component Files used:</h2>

   * Component: ARM::CMSIS:CORE:4.3.0
Build Time Elapsed:  00:00:02
</pre>
</body>
</html>
