<html>
<body>
<pre>
<h1>µVision Build Log</h1>
<h2>Tool Versions:</h2>
IDE-Version: µVision V5.17.0.0
Copyright (C) 2015 ARM Ltd and ARM Germany GmbH. All rights reserved.
License Information: Logan LENOVO, Ngo, LIC=585FJ-U7M0P-637MB-2KZMN-8RH78-M5XFE
 
Tool Versions:
Toolchain:       MDK-ARM Standard  Version: 5.17
Toolchain Path:  D:\KeilC v5\ARM\ARMCC\Bin
C Compiler:      Armcc.exe V5.06 update 1 (build 61)
Assembler:       Armasm.exe V5.06 update 1 (build 61)
Linker/Locator:  ArmLink.exe V5.06 update 1 (build 61)
Library Manager: ArmAr.exe V5.06 update 1 (build 61)
Hex Converter:   FromElf.exe V5.06 update 1 (build 61)
CPU DLL:         SARMCM3.DLL V5.17
Dialog DLL:      DCM.DLL V1.13.4.0
Target DLL:      STLink\ST-LINKIII-KEIL_SWO.dll V2.0.18.0
Dialog DLL:      TCM.DLL V1.14.6.0
 
<h2>Project:</h2>
D:\STM32\some_projects_in_myfree_time\ultrasonic_sensor\ver2\hc_sr05\MDK-ARM\hc_sr05.uvprojx
Project File Date:  05/03/2025

<h2>Output:</h2>
*** Using Compiler 'V5.06 update 1 (build 61)', folder: 'D:\KeilC v5\ARM\ARMCC\Bin'
Build target 'hc_sr05'
compiling hcsr05.c...
../Core/Inc/hcsr05.h(24): warning:  #1-D: last line of file ends without a newline
  #endif
..\Core\Src\hcsr05.c(19): warning:  #188-D: enumerated type mixed with another type
  	HAL_GPIO_WritePin(
RIGGER_PORT, 
RIGGER_PIN, 1);
..\Core\Src\hcsr05.c(21): warning:  #188-D: enumerated type mixed with another type
  	HAL_GPIO_WritePin(
RIGGER_PORT, 
RIGGER_PIN, 0);
..\Core\Src\hcsr05.c: 3 warnings, 0 errors
compiling main.c...
../Core/Inc/hcsr05.h(24): warning:  #1-D: last line of file ends without a newline
  #endif
../Core/Src/main.c: 1 warning, 0 errors
linking...
Program Size: Code=3490 RO-data=302 RW-data=16 ZI-data=1704  
FromELF: creating hex file...
"hc_sr05\hc_sr05.axf" - 0 Error(s), 4 Warning(s).

<h2>Software Packages used:</h2>

Package Vendor: ARM
                http://www.keil.com/pack/ARM.CMSIS.4.5.0.pack
                ARM::CMSIS:CORE:4.3.0
                CMSIS (Cortex Microcontroller Software Interface Standard)
   * Component: CORE Version: 4.3.0

<h2>Collection of Component include folders:</h2>
  D:\STM32\some_projects_in_myfree_time\ultrasonic_sensor\ver2\hc_sr05\MDK-ARM\RTE
  D:\KeilC v5\ARM\PACK\ARM\CMSIS\4.5.0\CMSIS\Include
  D:\KeilC v5\ARM\PACK\Keil\STM32F1xx_DFP\2.4.1\Device\Include

<h2>Collection of Component Files used:</h2>

   * Component: ARM::CMSIS:CORE:4.3.0
Build Time Elapsed:  00:00:01
</pre>
</body>
</html>
